<html>
<body>
<pre>
<h1>µVision Build Log</h1>
<h2>Tool Versions:</h2>
IDE-Version: ¦ÌVision V5.34.0.0
Copyright (C) 2021 ARM Ltd and ARM Germany GmbH. All rights reserved.
License Information: luke Einstein, BUPT, LIC=QF82M-X43LL-DYKV3-ALAG0-B0KQ8-I2NF1
 
Tool Versions:
Toolchain:       MDK-ARM Plus  Version: 5.34.0.0
Toolchain Path:  C:\Keil_v5\ARM\ARMCC\Bin
C Compiler:      Armcc.exe V5.06 update 7 (build 960)
Assembler:       Armasm.exe V5.06 update 7 (build 960)
Linker/Locator:  ArmLink.exe V5.06 update 7 (build 960)
Library Manager: ArmAr.exe V5.06 update 7 (build 960)
Hex Converter:   FromElf.exe V5.06 update 7 (build 960)
CPU DLL:         SARMCM3.DLL V5.34.0.0
Dialog DLL:      DCM.DLL V1.17.3.0
Target DLL:      Segger\JL2CM3.dll V2.99.38.0
Dialog DLL:      TCM.DLL V1.48.0.0
 
<h2>Project:</h2>
D:\PROJECT\ANO_PioneerPro\ANO_Pioneer.uvprojx
Project File Date:  08/09/2021

<h2>Output:</h2>
*** Using Compiler 'V5.06 update 7 (build 960)', folder: 'C:\Keil_v5\ARM\ARMCC\Bin'
Rebuild target 'Ano_Pioneer'
compiling main.c...
compiling BSP_Init.c...
compiling Ano_Scheduler.c...
compiling Ano_OF.c...
SRC\applications\Ano_OF.c(36): warning:  #177-D: variable "anoof_data_ok"  was declared but never referenced
  static u8 anoof_data_ok;
SRC\applications\Ano_OF.c: 1 warning, 0 errors
compiling Ano_RC.c...
compiling Ano_DT.c...
compiling usb_config.c...
compiling stm32f4xx_it.c...
compiling Ano_USB.c...
compiling Ano_FlyCtrl.c...
compiling Ano_FcData.c...
compiling Ano_Filter.c...
compiling Ano_Imu.c...
SRC\fc_general\Ano_Imu.c(299): warning:  #1035-D: single-precision operand implicitly converted to double-precision
  				if(mag_yaw_err != 0 && ABS(mag_yaw_err)<0.02)
SRC\fc_general\Ano_Imu.c: 1 warning, 0 errors
compiling Ano_Math.c...
compiling Ano_MotionCal.c...
compiling Ano_Navigate.c...
compiling Ano_Pid.c...
compiling Ano_AltCtrl.c...
compiling Ano_AttCtrl.c...
compiling Ano_FlightCtrl.c...
compiling Ano_LocCtrl.c...
compiling Ano_MagProcess.c...
compiling Ano_MotorCtrl.c...
compiling Ano_Power.c...
compiling Ano_FlightDataCal.c...
compiling Drv_led.c...
compiling Drv_adc.c...
compiling Ano_Parameter.c...
compiling Drv_spi.c...
compiling Drv_pwm_in.c...
compiling Drv_pwm_out.c...
compiling Drv_time.c...
compiling Drv_ak8975.c...
compiling Drv_usart.c...
compiling Drv_icm20602.c...
compiling Drv_spl06.c...
compiling Drv_vl53l0x.c...
compiling Drv_w25qxx.c...
compiling Drv_i2c_soft.c...
compiling Drv_gps.c...
compiling usbd_STM32F4xx_FS.c...
compiling Drv_heating.c...
compiling Drv_sbus.c...
compiling misc.c...
compiling stm32f4xx_dbgmcu.c...
compiling stm32f4xx_adc.c...
compiling stm32f4xx_dma.c...
compiling stm32f4xx_exti.c...
compiling stm32f4xx_flash.c...
compiling stm32f4xx_gpio.c...
compiling stm32f4xx_i2c.c...
compiling stm32f4xx_pwr.c...
compiling stm32f4xx_rcc.c...
compiling stm32f4xx_syscfg.c...
compiling stm32f4xx_spi.c...
compiling system_stm32f4xx.c...
compiling stm32f4xx_usart.c...
assembling startup_stm32f4xx.s...
compiling stm32f4xx_tim.c...
compiling usbd_core_hid.c...
compiling usbd_core.c...
compiling usbd_hid.c...
compiling vl53l0x_api_calibration.c...
compiling vl53l0x_api.c...
compiling vl53l0x_api_core.c...
compiling vl53l0x_api_ranging.c...
compiling vl53l0x_api_strings.c...
compiling vl53l0x_i2c.c...
compiling vl53l0x_platform.c...
linking...
Program Size: Code=119584 RO-data=1968 RW-data=2000 ZI-data=11808  
FromELF: creating hex file...
After Build - User command #1: fromelf.exe --bin -o ./AnoPioneerPro.bin ./build/Ano_Pioneer.axf
".\build\ANO_Pioneer.axf" - 0 Error(s), 2 Warning(s).

<h2>Software Packages used:</h2>

Package Vendor: Keil
                http://www.keil.com/pack/Keil.STM32F4xx_DFP.2.15.0.pack
                Keil.STM32F4xx_DFP.2.15.0
                STMicroelectronics STM32F4 Series Device Support, Drivers and Examples

<h2>Collection of Component include folders:</h2>
  C:\Users\29639\AppData\Local\Arm\Packs\Keil\STM32F4xx_DFP\2.15.0\Drivers\CMSIS\Device\ST\STM32F4xx\Include

<h2>Collection of Component Files used:</h2>
Build Time Elapsed:  00:00:17
</pre>
</body>
</html>
