Component: ARM Compiler 5.06 update 7 (build 960) Tool: armlink [4d3601]

==============================================================================

Section Cross References

    main.o(.text) refers to bsp_init.o(.text) for All_Init
    main.o(.text) refers to ano_scheduler.o(.text) for Scheduler_Setup
    main.o(.text) refers to ano_fcdata.o(.bss) for flag
    ano_scheduler.o(.text) refers to drv_time.o(.text) for GetSysTime_us
    ano_scheduler.o(.text) refers to ano_flightdatacal.o(.text) for Fc_Sensor_Get
    ano_scheduler.o(.text) refers to drv_icm20602.o(.text) for Sensor_Data_Prepare
    ano_scheduler.o(.text) refers to drv_gps.o(.text) for WCXY_Acc_Get_Task
    ano_scheduler.o(.text) refers to ano_flightctrl.o(.text) for Flight_State_Task
    ano_scheduler.o(.text) refers to ano_dt.o(.text) for ANO_DT_Data_Exchange
    ano_scheduler.o(.text) refers to ano_attctrl.o(.text) for Att_1level_Ctrl
    ano_scheduler.o(.text) refers to ano_motorctrl.o(.text) for Motor_Ctrl_Task
    ano_scheduler.o(.text) refers to ano_imu.o(.text) for calculate_RPY
    ano_scheduler.o(.text) refers to ano_rc.o(.text) for RC_duty_task
    ano_scheduler.o(.text) refers to ano_altctrl.o(.text) for Alt_1level_Ctrl
    ano_scheduler.o(.text) refers to ano_of.o(.text) for AnoOF_DataAnl_Task
    ano_scheduler.o(.text) refers to drv_led.o(.text) for LED_Task2
    ano_scheduler.o(.text) refers to ano_flyctrl.o(.text) for FlyCtrl_Task
    ano_scheduler.o(.text) refers to ano_locctrl.o(.text) for Loc_1level_Ctrl
    ano_scheduler.o(.text) refers to drv_vl53l0x.o(.text) for Drv_Vl53_RunTask
    ano_scheduler.o(.text) refers to ano_power.o(.text) for Power_UpdateTask
    ano_scheduler.o(.text) refers to drv_heating.o(.text) for Thermostatic_Ctrl_Task
    ano_scheduler.o(.text) refers to ano_parameter.o(.text) for Ano_Parame_Write_task
    ano_scheduler.o(.text) refers to ano_scheduler.o(.bss) for test_dT_1000hz
    ano_scheduler.o(.text) refers to ano_rc.o(.bss) for CH_N
    ano_scheduler.o(.text) refers to ano_scheduler.o(.data) for sched_tasks
    ano_scheduler.o(.data) refers to ano_scheduler.o(.text) for Loop_1000Hz
    bsp_init.o(.text) refers to misc.o(.text) for NVIC_PriorityGroupConfig
    bsp_init.o(.text) refers to drv_time.o(.text) for SysTick_Configuration
    bsp_init.o(.text) refers to drv_led.o(.text) for Drv_LED_Init
    bsp_init.o(.text) refers to drv_w25qxx.o(.text) for Flash_Init
    bsp_init.o(.text) refers to ano_fcdata.o(.text) for Para_Data_Init
    bsp_init.o(.text) refers to ano_rc.o(.text) for Remote_Control_Init
    bsp_init.o(.text) refers to drv_pwm_out.o(.text) for PWM_Out_Init
    bsp_init.o(.text) refers to drv_spi.o(.text) for Drv_SPI2_init
    bsp_init.o(.text) refers to drv_icm20602.o(.text) for Drv_Icm20602CSPin_Init
    bsp_init.o(.text) refers to drv_ak8975.o(.text) for Drv_AK8975CSPin_Init
    bsp_init.o(.text) refers to drv_spl06.o(.text) for Drv_SPL06CSPin_Init
    bsp_init.o(.text) refers to ano_usb.o(.text) for Usb_Hid_Init
    bsp_init.o(.text) refers to drv_usart.o(.text) for Usart2_Init
    bsp_init.o(.text) refers to drv_i2c_soft.o(.text) for I2c_Soft_Init
    bsp_init.o(.text) refers to drv_vl53l0x.o(.text) for Drv_Vl53_Init
    bsp_init.o(.text) refers to drv_adc.o(.text) for Drv_AdcInit
    bsp_init.o(.text) refers to ano_flightctrl.o(.text) for All_PID_Init
    bsp_init.o(.text) refers to drv_gps.o(.text) for Drv_GpsPin_Init
    bsp_init.o(.text) refers to drv_heating.o(.text) for Drv_HeatingInit
    bsp_init.o(.text) refers to ano_dt.o(.text) for ANO_DT_SendString
    bsp_init.o(.text) refers to ano_fcdata.o(.data) for sens_hd_check
    ano_dt.o(.text) refers to ano_usb.o(.text) for Usb_Hid_Adddata
    ano_dt.o(.text) refers to drv_usart.o(.text) for Usart2_Send
    ano_dt.o(.text) refers to ano_dt.o(.bss) for data_to_send
    ano_dt.o(.text) refers to ano_parameter.o(.bss) for Ano_Parame
    ano_dt.o(.text) refers to ano_fcdata.o(.text) for data_save
    ano_dt.o(.text) refers to ano_parameter.o(.text) for PID_Rest
    ano_dt.o(.text) refers to ano_flightctrl.o(.text) for All_PID_Init
    ano_dt.o(.text) refers to ano_flyctrl.o(.text) for FlyCtrlDataAnl
    ano_dt.o(.text) refers to drv_icm20602.o(.bss) for sensor
    ano_dt.o(.text) refers to ano_magprocess.o(.data) for mag
    ano_dt.o(.text) refers to ano_dt.o(.data) for ano_dt_data_ok
    ano_dt.o(.text) refers to ano_of.o(.data) for OF_DX2
    ano_dt.o(.text) refers to drv_heating.o(.data) for temperature_ctrl_val
    ano_dt.o(.text) refers to ano_fcdata.o(.bss) for flag
    ano_dt.o(.text) refers to ano_motioncal.o(.bss) for wcz_hei_fus
    ano_dt.o(.text) refers to ano_imu.o(.data) for imu_data
    ano_dt.o(.text) refers to ano_locctrl.o(.bss) for loc_ctrl_1
    ano_dt.o(.text) refers to ano_flightdatacal.o(.data) for ref_tof_height
    ano_dt.o(.text) refers to ano_rc.o(.data) for chn_en_bit
    ano_dt.o(.text) refers to ano_rc.o(.bss) for CH_N
    ano_dt.o(.text) refers to ano_motorctrl.o(.data) for motor
[...]
    TIM_ICInit                               0x08014f19   Thumb Code   508  stm32f4xx_tim.o(.text)
    TIM_ICStructInit                         0x08015115   Thumb Code    18  stm32f4xx_tim.o(.text)
    TIM_PWMIConfig                           0x08015127   Thumb Code   184  stm32f4xx_tim.o(.text)
    TIM_GetCapture1                          0x080151df   Thumb Code    92  stm32f4xx_tim.o(.text)
    TIM_GetCapture2                          0x0801523b   Thumb Code    68  stm32f4xx_tim.o(.text)
    TIM_GetCapture3                          0x0801527f   Thumb Code    56  stm32f4xx_tim.o(.text)
    TIM_GetCapture4                          0x080152b7   Thumb Code    56  stm32f4xx_tim.o(.text)
    TIM_BDTRConfig                           0x080152ef   Thumb Code   222  stm32f4xx_tim.o(.text)
    TIM_BDTRStructInit                       0x080153cd   Thumb Code    18  stm32f4xx_tim.o(.text)
    TIM_CtrlPWMOutputs                       0x080153df   Thumb Code    78  stm32f4xx_tim.o(.text)
    TIM_SelectCOM                            0x0801542d   Thumb Code    72  stm32f4xx_tim.o(.text)
    TIM_CCPreloadControl                     0x08015475   Thumb Code    72  stm32f4xx_tim.o(.text)
    TIM_ITConfig                             0x080154bd   Thumb Code   218  stm32f4xx_tim.o(.text)
    TIM_GenerateEvent                        0x08015597   Thumb Code   126  stm32f4xx_tim.o(.text)
    TIM_GetFlagStatus                        0x08015615   Thumb Code   188  stm32f4xx_tim.o(.text)
    TIM_ClearFlag                            0x080156d1   Thumb Code   108  stm32f4xx_tim.o(.text)
    TIM_GetITStatus                          0x0801573d   Thumb Code   186  stm32f4xx_tim.o(.text)
    TIM_ClearITPendingBit                    0x080157f7   Thumb Code   108  stm32f4xx_tim.o(.text)
    TIM_DMAConfig                            0x08015863   Thumb Code   334  stm32f4xx_tim.o(.text)
    TIM_DMACmd                               0x080159b1   Thumb Code   126  stm32f4xx_tim.o(.text)
    TIM_SelectCCDMA                          0x08015a2f   Thumb Code    96  stm32f4xx_tim.o(.text)
    TIM_InternalClockConfig                  0x08015a8f   Thumb Code    76  stm32f4xx_tim.o(.text)
    TIM_SelectInputTrigger                   0x08015adb   Thumb Code   148  stm32f4xx_tim.o(.text)
    TIM_ITRxExternalClockConfig              0x08015b6f   Thumb Code   110  stm32f4xx_tim.o(.text)
    TIM_TIxExternalClockConfig               0x08015bdd   Thumb Code   184  stm32f4xx_tim.o(.text)
    TIM_ETRConfig                            0x08015c95   Thumb Code   164  stm32f4xx_tim.o(.text)
    TIM_ETRClockMode1Config                  0x08015d39   Thumb Code   228  stm32f4xx_tim.o(.text)
    TIM_ETRClockMode2Config                  0x08015e1d   Thumb Code   152  stm32f4xx_tim.o(.text)
    TIM_SelectOutputTrigger                  0x08015eb5   Thumb Code   126  stm32f4xx_tim.o(.text)
    TIM_SelectSlaveMode                      0x08015f33   Thumb Code   112  stm32f4xx_tim.o(.text)
    TIM_SelectMasterSlaveMode                0x08015fa3   Thumb Code   102  stm32f4xx_tim.o(.text)
    TIM_EncoderInterfaceConfig               0x08016009   Thumb Code   226  stm32f4xx_tim.o(.text)
    TIM_SelectHallSensor                     0x080160eb   Thumb Code   108  stm32f4xx_tim.o(.text)
    TIM_RemapConfig                          0x08016157   Thumb Code   138  stm32f4xx_tim.o(.text)
    USART_DeInit                             0x080161e1   Thumb Code   202  stm32f4xx_usart.o(.text)
    USART_Init                               0x080162ab   Thumb Code   456  stm32f4xx_usart.o(.text)
    USART_StructInit                         0x08016473   Thumb Code    24  stm32f4xx_usart.o(.text)
    USART_ClockInit                          0x0801648b   Thumb Code   166  stm32f4xx_usart.o(.text)
    USART_ClockStructInit                    0x08016531   Thumb Code    12  stm32f4xx_usart.o(.text)
    USART_Cmd                                0x0801653d   Thumb Code    96  stm32f4xx_usart.o(.text)
    USART_SetPrescaler                       0x0801659d   Thumb Code   160  stm32f4xx_usart.o(.text)
    USART_OverSampling8Cmd                   0x0801663d   Thumb Code    98  stm32f4xx_usart.o(.text)
    USART_OneBitMethodCmd                    0x0801669f   Thumb Code   100  stm32f4xx_usart.o(.text)
    USART_SendData                           0x08016703   Thumb Code    84  stm32f4xx_usart.o(.text)
    USART_ReceiveData                        0x08016757   Thumb Code    62  stm32f4xx_usart.o(.text)
    USART_SetAddress                         0x08016795   Thumb Code    92  stm32f4xx_usart.o(.text)
    USART_ReceiverWakeUpCmd                  0x080167f1   Thumb Code   100  stm32f4xx_usart.o(.text)
    USART_WakeUpConfig                       0x08016855   Thumb Code    96  stm32f4xx_usart.o(.text)
    USART_LINBreakDetectLengthConfig         0x080168b5   Thumb Code    94  stm32f4xx_usart.o(.text)
    USART_LINCmd                             0x08016913   Thumb Code   100  stm32f4xx_usart.o(.text)
    USART_SendBreak                          0x08016977   Thumb Code    64  stm32f4xx_usart.o(.text)
    USART_HalfDuplexCmd                      0x080169b7   Thumb Code   100  stm32f4xx_usart.o(.text)
    USART_SetGuardTime                       0x08016a1b   Thumb Code    86  stm32f4xx_usart.o(.text)
    USART_SmartCardCmd                       0x08016a71   Thumb Code    88  stm32f4xx_usart.o(.text)
    USART_SmartCardNACKCmd                   0x08016ac9   Thumb Code    88  stm32f4xx_usart.o(.text)
    USART_IrDAConfig                         0x08016b21   Thumb Code    94  stm32f4xx_usart.o(.text)
    USART_IrDACmd                            0x08016b7f   Thumb Code   100  stm32f4xx_usart.o(.text)
    USART_DMACmd                             0x08016be3   Thumb Code   120  stm32f4xx_usart.o(.text)
    USART_ITConfig                           0x08016c5b   Thumb Code   268  stm32f4xx_usart.o(.text)
    USART_GetFlagStatus                      0x08016d67   Thumb Code   176  stm32f4xx_usart.o(.text)
    USART_ClearFlag                          0x08016e17   Thumb Code   160  stm32f4xx_usart.o(.text)
    USART_GetITStatus                        0x08016eb7   Thumb Code   284  stm32f4xx_usart.o(.text)
    USART_ClearITPendingBit                  0x08016fd3   Thumb Code   170  stm32f4xx_usart.o(.text)
    SystemInit                               0x08017171   Thumb Code    88  system_stm32f4xx.o(.text)
    SystemCoreClockUpdate                    0x080171c9   Thumb Code   174  system_stm32f4xx.o(.text)
    Reset_Handler                            0x080172a5   Thumb Code     8  startup_stm32f4xx.o(.text)
    HardFault_Handler                        0x080172af   Thumb Code     2  startup_stm32f4xx.o(.text)
    PendSV_Handler                           0x080172bb   Thumb Code     2  startup_stm32f4xx.o(.text)
    ADC_IRQHandler                           0x080172bf   Thumb Code     0  startup_stm32f4xx.o(.text)
    CAN1_RX0_IRQHandler                      0x080172bf   Thumb Code     0  startup_stm32f4xx.o(.text)
    CAN1_RX1_IRQHandler                      0x080172bf   Thumb Code     0  startup_stm32f4xx.o(.text)
    CAN1_SCE_IRQHandler                      0x080172bf   Thumb Code     0  startup_stm32f4xx.o(.text)
    CAN1_TX_IRQHandler                       0x080172bf   Thumb Code     0  startup_stm32f4xx.o(.text)
    CAN2_RX0_IRQHandler                      0x080172bf   Thumb Code     0  startup_stm32f4xx.o(.text)
    CAN2_RX1_IRQHandler                      0x080172bf   Thumb Code     0  startup_stm32f4xx.o(.text)
    CAN2_SCE_IRQHandler                      0x080172bf   Thumb Code     0  startup_stm32f4xx.o(.text)
    CAN2_TX_IRQHandler                       0x080172bf   Thumb Code     0  startup_stm32f4xx.o(.text)
    CRYP_IRQHandler                          0x080172bf   Thumb Code     0  startup_stm32f4xx.o(.text)
    DCMI_IRQHandler                          0x080172bf   Thumb Code     0  startup_stm32f4xx.o(.text)
    DMA1_Stream0_IRQHandler                  0x080172bf   Thumb Code     0  startup_stm32f4xx.o(.text)
    DMA1_Stream1_IRQHandler                  0x080172bf   Thumb Code     0  startup_stm32f4xx.o(.text)
    DMA1_Stream2_IRQHandler                  0x080172bf   Thumb Code     0  startup_stm32f4xx.o(.text)
    DMA1_Stream3_IRQHandler                  0x080172bf   Thumb Code     0  startup_stm32f4xx.o(.text)
    DMA1_Stream4_IRQHandler                  0x080172bf   Thumb Code     0  startup_stm32f4xx.o(.text)
    DMA1_Stream5_IRQHandler                  0x080172bf   Thumb Code     0  startup_stm32f4xx.o(.text)
    DMA1_Stream6_IRQHandler                  0x080172bf   Thumb Code     0  startup_stm32f4xx.o(.text)
    DMA1_Stream7_IRQHandler                  0x080172bf   Thumb Code     0  startup_stm32f4xx.o(.text)
    DMA2_Stream0_IRQHandler                  0x080172bf   Thumb Code     0  startup_stm32f4xx.o(.text)
    DMA2_Stream1_IRQHandler                  0x080172bf   Thumb Code     0  startup_stm32f4xx.o(.text)
    DMA2_Stream2_IRQHandler                  0x080172bf   Thumb Code     0  startup_stm32f4xx.o(.text)
    DMA2_Stream3_IRQHandler                  0x080172bf   Thumb Code     0  startup_stm32f4xx.o(.text)
    DMA2_Stream4_IRQHandler                  0x080172bf   Thumb Code     0  startup_stm32f4xx.o(.text)
    DMA2_Stream5_IRQHandler                  0x080172bf   Thumb Code     0  startup_stm32f4xx.o(.text)
    DMA2_Stream6_IRQHandler                  0x080172bf   Thumb Code     0  startup_stm32f4xx.o(.text)
    DMA2_Stream7_IRQHandler                  0x080172bf   Thumb Code     0  startup_stm32f4xx.o(.text)
    ETH_IRQHandler                           0x080172bf   Thumb Code     0  startup_stm32f4xx.o(.text)
    ETH_WKUP_IRQHandler                      0x080172bf   Thumb Code     0  startup_stm32f4xx.o(.text)
    EXTI0_IRQHandler                         0x080172bf   Thumb Code     0  startup_stm32f4xx.o(.text)
    EXTI15_10_IRQHandler                     0x080172bf   Thumb Code     0  startup_stm32f4xx.o(.text)
    EXTI1_IRQHandler                         0x080172bf   Thumb Code     0  startup_stm32f4xx.o(.text)
    EXTI2_IRQHandler                         0x080172bf   Thumb Code     0  startup_stm32f4xx.o(.text)
    EXTI3_IRQHandler                         0x080172bf   Thumb Code     0  startup_stm32f4xx.o(.text)
    EXTI4_IRQHandler                         0x080172bf   Thumb Code     0  startup_stm32f4xx.o(.text)
    FLASH_IRQHandler                         0x080172bf   Thumb Code     0  startup_stm32f4xx.o(.text)
    FPU_IRQHandler                           0x080172bf   Thumb Code     0  startup_stm32f4xx.o(.text)
    FSMC_IRQHandler                          0x080172bf   Thumb Code     0  startup_stm32f4xx.o(.text)
    HASH_RNG_IRQHandler                      0x080172bf   Thumb Code     0  startup_stm32f4xx.o(.text)
    I2C1_ER_IRQHandler                       0x080172bf   Thumb Code     0  startup_stm32f4xx.o(.text)
    I2C1_EV_IRQHandler                       0x080172bf   Thumb Code     0  startup_stm32f4xx.o(.text)
    I2C2_ER_IRQHandler                       0x080172bf   Thumb Code     0  startup_stm32f4xx.o(.text)
    I2C2_EV_IRQHandler                       0x080172bf   Thumb Code     0  startup_stm32f4xx.o(.text)
    I2C3_ER_IRQHandler                       0x080172bf   Thumb Code     0  startup_stm32f4xx.o(.text)
    I2C3_EV_IRQHandler                       0x080172bf   Thumb Code     0  startup_stm32f4xx.o(.text)
    OTG_FS_WKUP_IRQHandler                   0x080172bf   Thumb Code     0  startup_stm32f4xx.o(.text)
    OTG_HS_EP1_IN_IRQHandler                 0x080172bf   Thumb Code     0  startup_stm32f4xx.o(.text)
    OTG_HS_EP1_OUT_IRQHandler                0x080172bf   Thumb Code     0  startup_stm32f4xx.o(.text)
    OTG_HS_IRQHandler                        0x080172bf   Thumb Code     0  startup_stm32f4xx.o(.text)
    OTG_HS_WKUP_IRQHandler                   0x080172bf   Thumb Code     0  startup_stm32f4xx.o(.text)
    PVD_IRQHandler                           0x080172bf   Thumb Code     0  startup_stm32f4xx.o(.text)
    RCC_IRQHandler                           0x080172bf   Thumb Code     0  startup_stm32f4xx.o(.text)
    RTC_Alarm_IRQHandler                     0x080172bf   Thumb Code     0  startup_stm32f4xx.o(.text)
    RTC_WKUP_IRQHandler                      0x080172bf   Thumb Code     0  startup_stm32f4xx.o(.text)
    SDIO_IRQHandler                          0x080172bf   Thumb Code     0  startup_stm32f4xx.o(.text)
    SPI1_IRQHandler                          0x080172bf   Thumb Code     0  startup_stm32f4xx.o(.text)
    SPI2_IRQHandler                          0x080172bf   Thumb Code     0  startup_stm32f4xx.o(.text)
    SPI3_IRQHandler                          0x080172bf   Thumb Code     0  startup_stm32f4xx.o(.text)
    TAMP_STAMP_IRQHandler                    0x080172bf   Thumb Code     0  startup_stm32f4xx.o(.text)
    TIM1_BRK_TIM9_IRQHandler                 0x080172bf   Thumb Code     0  startup_stm32f4xx.o(.text)
    TIM1_CC_IRQHandler                       0x080172bf   Thumb Code     0  startup_stm32f4xx.o(.text)
    TIM1_TRG_COM_TIM11_IRQHandler            0x080172bf   Thumb Code     0  startup_stm32f4xx.o(.text)
    TIM1_UP_TIM10_IRQHandler                 0x080172bf   Thumb Code     0  startup_stm32f4xx.o(.text)
    TIM2_IRQHandler                          0x080172bf   Thumb Code     0  startup_stm32f4xx.o(.text)
    TIM5_IRQHandler                          0x080172bf   Thumb Code     0  startup_stm32f4xx.o(.text)
    TIM6_DAC_IRQHandler                      0x080172bf   Thumb Code     0  startup_stm32f4xx.o(.text)
    TIM7_IRQHandler                          0x080172bf   Thumb Code     0  startup_stm32f4xx.o(.text)
    TIM8_BRK_TIM12_IRQHandler                0x080172bf   Thumb Code     0  startup_stm32f4xx.o(.text)
    TIM8_CC_IRQHandler                       0x080172bf   Thumb Code     0  startup_stm32f4xx.o(.text)
    TIM8_TRG_COM_TIM14_IRQHandler            0x080172bf   Thumb Code     0  startup_stm32f4xx.o(.text)
    TIM8_UP_TIM13_IRQHandler                 0x080172bf   Thumb Code     0  startup_stm32f4xx.o(.text)
    USART3_IRQHandler                        0x080172bf   Thumb Code     0  startup_stm32f4xx.o(.text)
    WWDG_IRQHandler                          0x080172bf   Thumb Code     0  startup_stm32f4xx.o(.text)
    usbd_init                                0x080172c9   Thumb Code    22  usbd_core.o(.text)
    usbd_connect                             0x080172df   Thumb Code    12  usbd_core.o(.text)
    usbd_reset_core                          0x080172eb   Thumb Code    38  usbd_core.o(.text)
    usbd_configured                          0x08017311   Thumb Code    14  usbd_core.o(.text)
    USBD_SetupStage                          0x0801731f   Thumb Code    12  usbd_core.o(.text)
    USBD_DataInStage                         0x0801732b   Thumb Code    66  usbd_core.o(.text)
    USBD_DataOutStage                        0x0801736d   Thumb Code    34  usbd_core.o(.text)
    USBD_StatusInStage                       0x0801738f   Thumb Code    14  usbd_core.o(.text)
    USBD_StatusOutStage                      0x0801739d   Thumb Code    12  usbd_core.o(.text)
    USBD_ReqGetStatus                        0x080173a9   Thumb Code   160  usbd_core.o(.text)
    USBD_ReqSetClrFeature                    0x08017449   Thumb Code   216  usbd_core.o(.text)
    USBD_ReqGetDescriptor                    0x08017521   Thumb Code   380  usbd_core.o(.text)
    USBD_ReqGetConfiguration                 0x0801769d   Thumb Code   122  usbd_core.o(.text)
    USBD_ReqSetConfiguration                 0x08017717   Thumb Code   432  usbd_core.o(.text)
    USBD_ReqGetInterface                     0x080178c7   Thumb Code    60  usbd_core.o(.text)
    USBD_ReqSetInterface                     0x08017903   Thumb Code   308  usbd_core.o(.text)
    USBD_EndPoint0                           0x08017a37   Thumb Code   680  usbd_core.o(.text)
    USBD_ReqGetDescriptor_HID                0x08017cf9   Thumb Code   132  usbd_core_hid.o(.text)
    USBD_EndPoint0_Setup_HID_ReqToIF         0x08017d7d   Thumb Code   200  usbd_core_hid.o(.text)
    USBD_EndPoint0_Out_HID_ReqToIF           0x08017e45   Thumb Code    44  usbd_core_hid.o(.text)
    usbd_hid_init                            0x08017ea9   Thumb Code     2  usbd_hid.o(.text)
    usbd_hid_get_protocol                    0x08017eb9   Thumb Code     4  usbd_hid.o(.text)
    usbd_hid_set_protocol                    0x08017ebd   Thumb Code     2  usbd_hid.o(.text)
    USBD_HID_GetReport                       0x08017ebf   Thumb Code    54  usbd_hid.o(.text)
    USBD_HID_SetReport                       0x08017ef5   Thumb Code    58  usbd_hid.o(.text)
    USBD_HID_GetIdle                         0x08017f2f   Thumb Code    16  usbd_hid.o(.text)
    USBD_HID_SetIdle                         0x08017f3f   Thumb Code    48  usbd_hid.o(.text)
    USBD_HID_GetProtocol                     0x08017f6f   Thumb Code    14  usbd_hid.o(.text)
    USBD_HID_SetProtocol                     0x08017f7d   Thumb Code    14  usbd_hid.o(.text)
    USBD_HID_EP_INTIN_Event                  0x08017f8b   Thumb Code   422  usbd_hid.o(.text)
    USBD_HID_EP_INTOUT_Event                 0x08018131   Thumb Code   148  usbd_hid.o(.text)
    USBD_HID_Configure_Event                 0x080181c5   Thumb Code    48  usbd_hid.o(.text)
    USBD_HID_EP_INT_Event                    0x080181f5   Thumb Code    30  usbd_hid.o(.text)
    USBD_HID_SOF_Event                       0x08018213   Thumb Code   460  usbd_hid.o(.text)
    usbd_hid_get_report_trigger              0x080183df   Thumb Code   148  usbd_hid.o(.text)
    VL53L0X_GetVersion                       0x080184ad   Thumb Code    24  vl53l0x_api.o(.text)
    VL53L0X_GetPalSpecVersion                0x080184c5   Thumb Code    24  vl53l0x_api.o(.text)
    VL53L0X_GetProductRevision               0x080184dd   Thumb Code    38  vl53l0x_api.o(.text)
    VL53L0X_GetDeviceInfo                    0x08018503   Thumb Code    22  vl53l0x_api.o(.text)
    VL53L0X_GetDeviceErrorStatus             0x08018519   Thumb Code    34  vl53l0x_api.o(.text)
    VL53L0X_GetDeviceErrorString             0x0801853b   Thumb Code    22  vl53l0x_api.o(.text)
    VL53L0X_GetRangeStatusString             0x08018551   Thumb Code    22  vl53l0x_api.o(.text)
    VL53L0X_GetPalErrorString                0x08018567   Thumb Code    22  vl53l0x_api.o(.text)
    VL53L0X_GetPalStateString                0x0801857d   Thumb Code    22  vl53l0x_api.o(.text)
    VL53L0X_GetPalState                      0x08018593   Thumb Code    12  vl53l0x_api.o(.text)
    VL53L0X_GetSequenceStepTimeout           0x0801859f   Thumb Code    82  vl53l0x_api.o(.text)
    VL53L0X_GetVcselPulsePeriod              0x080185f1   Thumb Code    30  vl53l0x_api.o(.text)
    VL53L0X_SetMeasurementTimingBudgetMicroSeconds 0x0801860f   Thumb Code    22  vl53l0x_api.o(.text)
    VL53L0X_SetSequenceStepEnable            0x08018625   Thumb Code   196  vl53l0x_api.o(.text)
    VL53L0X_GetFractionEnable                0x080186e9   Thumb Code    34  vl53l0x_api.o(.text)
    VL53L0X_GetMeasurementTimingBudgetMicroSeconds 0x0801870b   Thumb Code    22  vl53l0x_api.o(.text)
    VL53L0X_GetWrapAroundCheckEnable         0x08018721   Thumb Code    62  vl53l0x_api.o(.text)
    VL53L0X_GetLimitCheckEnable              0x0801875f   Thumb Code    28  vl53l0x_api.o(.text)
    VL53L0X_GetLimitCheckValue               0x0801877b   Thumb Code   182  vl53l0x_api.o(.text)
    VL53L0X_GetOffsetCalibrationDataMicroMeter 0x08018831   Thumb Code    22  vl53l0x_api.o(.text)
    VL53L0X_GetXTalkCompensationRateMegaCps  0x08018847   Thumb Code    56  vl53l0x_api.o(.text)
    VL53L0X_GetInterMeasurementPeriodMilliSeconds 0x0801887f   Thumb Code    62  vl53l0x_api.o(.text)
    VL53L0X_GetDeviceMode                    0x080188bd   Thumb Code    10  vl53l0x_api.o(.text)
    VL53L0X_GetDeviceParameters              0x080188c7   Thumb Code   160  vl53l0x_api.o(.text)
    VL53L0X_ClearInterruptMask               0x08018967   Thumb Code    82  vl53l0x_api.o(.text)
    VL53L0X_SetGpioConfig                    0x080189b9   Thumb Code   358  vl53l0x_api.o(.text)
    VL53L0X_StaticInit                       0x08018b1f   Thumb Code   410  vl53l0x_api.o(.text)
    VL53L0X_SetPowerMode                     0x08018cb9   Thumb Code    84  vl53l0x_api.o(.text)
    VL53L0X_GetPowerMode                     0x08018d0d   Thumb Code    48  vl53l0x_api.o(.text)
    VL53L0X_SetOffsetCalibrationDataMicroMeter 0x08018d3d   Thumb Code    22  vl53l0x_api.o(.text)
    VL53L0X_SetLinearityCorrectiveGain       0x08018d53   Thumb Code    50  vl53l0x_api.o(.text)
    VL53L0X_GetLinearityCorrectiveGain       0x08018d85   Thumb Code    12  vl53l0x_api.o(.text)
    VL53L0X_SetGroupParamHold                0x08018d91   Thumb Code     8  vl53l0x_api.o(.text)
    VL53L0X_GetUpperLimitMilliMeter          0x08018d99   Thumb Code     8  vl53l0x_api.o(.text)
    VL53L0X_GetTotalSignalRate               0x08018da1   Thumb Code    40  vl53l0x_api.o(.text)
    VL53L0X_SetDeviceAddress                 0x08018dc9   Thumb Code    36  vl53l0x_api.o(.text)
    VL53L0X_SetLimitCheckValue               0x08018ded   Thumb Code   118  vl53l0x_api.o(.text)
    VL53L0X_SetLimitCheckEnable              0x08018e63   Thumb Code   194  vl53l0x_api.o(.text)
    VL53L0X_DataInit                         0x08018f25   Thumb Code   406  vl53l0x_api.o(.text)
    VL53L0X_SetTuningSettingBuffer           0x080190bb   Thumb Code    40  vl53l0x_api.o(.text)
    VL53L0X_GetTuningSettingBuffer           0x080190e3   Thumb Code    20  vl53l0x_api.o(.text)
    VL53L0X_WaitDeviceBooted                 0x080190f7   Thumb Code     8  vl53l0x_api.o(.text)
    VL53L0X_ResetDevice                      0x080190ff   Thumb Code    90  vl53l0x_api.o(.text)
    VL53L0X_SetWrapAroundCheckEnable         0x08019159   Thumb Code    80  vl53l0x_api.o(.text)
    VL53L0X_SetXTalkCompensationRateMegaCps  0x080191a9   Thumb Code    64  vl53l0x_api.o(.text)
    VL53L0X_SetInterMeasurementPeriodMilliSeconds 0x080191e9   Thumb Code    60  vl53l0x_api.o(.text)
    VL53L0X_SetDeviceMode                    0x08019225   Thumb Code    50  vl53l0x_api.o(.text)
    VL53L0X_SetDeviceParameters              0x08019257   Thumb Code   146  vl53l0x_api.o(.text)
    VL53L0X_SetRangeFractionEnable           0x080192e9   Thumb Code    30  vl53l0x_api.o(.text)
    VL53L0X_SetHistogramMode                 0x08019307   Thumb Code     8  vl53l0x_api.o(.text)
    VL53L0X_GetHistogramMode                 0x0801930f   Thumb Code     8  vl53l0x_api.o(.text)
    VL53L0X_SetVcselPulsePeriod              0x08019317   Thumb Code    42  vl53l0x_api.o(.text)
    sequence_step_enabled                    0x08019341   Thumb Code    72  vl53l0x_api.o(.text)
    VL53L0X_GetSequenceStepEnable            0x08019389   Thumb Code    48  vl53l0x_api.o(.text)
    VL53L0X_GetSequenceStepEnables           0x080193b9   Thumb Code   118  vl53l0x_api.o(.text)
    VL53L0X_GetNumberOfSequenceSteps         0x0801942f   Thumb Code    10  vl53l0x_api.o(.text)
    VL53L0X_GetSequenceStepsInfo             0x08019439   Thumb Code    22  vl53l0x_api.o(.text)
    VL53L0X_SetSequenceStepTimeout           0x0801944f   Thumb Code   110  vl53l0x_api.o(.text)
    VL53L0X_SetXTalkCompensationEnable       0x080194bd   Thumb Code    62  vl53l0x_api.o(.text)
    VL53L0X_GetXTalkCompensationEnable       0x080194fb   Thumb Code    12  vl53l0x_api.o(.text)
    VL53L0X_SetRefCalibration                0x08019507   Thumb Code    30  vl53l0x_api.o(.text)
    VL53L0X_GetRefCalibration                0x08019525   Thumb Code    30  vl53l0x_api.o(.text)
    VL53L0X_GetNumberOfLimitCheck            0x08019543   Thumb Code    10  vl53l0x_api.o(.text)
    VL53L0X_GetLimitCheckInfo                0x0801954d   Thumb Code    30  vl53l0x_api.o(.text)
    VL53L0X_GetLimitCheckStatus              0x0801956b   Thumb Code    24  vl53l0x_api.o(.text)
    VL53L0X_GetLimitCheckCurrent             0x08019583   Thumb Code   136  vl53l0x_api.o(.text)
    VL53L0X_SetDmaxCalParameters             0x0801960b   Thumb Code    62  vl53l0x_api.o(.text)
    VL53L0X_GetDmaxCalParameters             0x08019649   Thumb Code    20  vl53l0x_api.o(.text)
    VL53L0X_GetInterruptThresholds           0x0801965d   Thumb Code    66  vl53l0x_api.o(.text)
    VL53L0X_CheckAndLoadInterruptSettings    0x0801969f   Thumb Code   126  vl53l0x_api.o(.text)
    VL53L0X_StartMeasurement                 0x0801971d   Thumb Code   264  vl53l0x_api.o(.text)
    VL53L0X_PerformSingleMeasurement         0x08019825   Thumb Code    60  vl53l0x_api.o(.text)
    VL53L0X_PerformSingleHistogramMeasurement 0x08019861   Thumb Code     8  vl53l0x_api.o(.text)
    VL53L0X_PerformRefCalibration            0x08019869   Thumb Code    32  vl53l0x_api.o(.text)
    VL53L0X_PerformXTalkMeasurement          0x08019889   Thumb Code    10  vl53l0x_api.o(.text)
    VL53L0X_PerformXTalkCalibration          0x08019893   Thumb Code    30  vl53l0x_api.o(.text)
    VL53L0X_PerformOffsetCalibration         0x080198b1   Thumb Code    30  vl53l0x_api.o(.text)
    VL53L0X_StopMeasurement                  0x080198cf   Thumb Code   102  vl53l0x_api.o(.text)
    VL53L0X_GetInterruptMaskStatus           0x08019935   Thumb Code    48  vl53l0x_api.o(.text)
    VL53L0X_GetMeasurementDataReady          0x08019965   Thumb Code    86  vl53l0x_api.o(.text)
    VL53L0X_WaitDeviceReadyForNewMeasurement 0x080199bb   Thumb Code     8  vl53l0x_api.o(.text)
    VL53L0X_GetRangingMeasurementData        0x080199c3   Thumb Code   372  vl53l0x_api.o(.text)
    VL53L0X_GetMeasurementRefSignal          0x08019b37   Thumb Code    12  vl53l0x_api.o(.text)
    VL53L0X_GetHistogramMeasurementData      0x08019b43   Thumb Code     8  vl53l0x_api.o(.text)
    VL53L0X_PerformSingleRangingMeasurement  0x08019b4b   Thumb Code    56  vl53l0x_api.o(.text)
    VL53L0X_SetNumberOfROIZones              0x08019b83   Thumb Code    12  vl53l0x_api.o(.text)
    VL53L0X_GetNumberOfROIZones              0x08019b8f   Thumb Code    10  vl53l0x_api.o(.text)
    VL53L0X_GetMaxNumberOfROIZones           0x08019b99   Thumb Code    10  vl53l0x_api.o(.text)
    VL53L0X_GetGpioConfig                    0x08019ba3   Thumb Code   160  vl53l0x_api.o(.text)
    VL53L0X_SetInterruptThresholds           0x08019c43   Thumb Code    54  vl53l0x_api.o(.text)
    VL53L0X_GetStopCompletedStatus           0x08019c79   Thumb Code   154  vl53l0x_api.o(.text)
    VL53L0X_EnableInterruptMask              0x08019d13   Thumb Code     8  vl53l0x_api.o(.text)
    VL53L0X_SetSpadAmbientDamperThreshold    0x08019d1b   Thumb Code    48  vl53l0x_api.o(.text)
    VL53L0X_GetSpadAmbientDamperThreshold    0x08019d4b   Thumb Code    48  vl53l0x_api.o(.text)
    VL53L0X_SetSpadAmbientDamperFactor       0x08019d7b   Thumb Code    54  vl53l0x_api.o(.text)
    VL53L0X_GetSpadAmbientDamperFactor       0x08019db1   Thumb Code    54  vl53l0x_api.o(.text)
    VL53L0X_SetReferenceSpads                0x08019de7   Thumb Code    30  vl53l0x_api.o(.text)
    VL53L0X_GetReferenceSpads                0x08019e05   Thumb Code    30  vl53l0x_api.o(.text)
    VL53L0X_PerformRefSpadManagement         0x08019e23   Thumb Code    30  vl53l0x_api.o(.text)
    VL53L0X_perform_xtalk_calibration        0x08019e41   Thumb Code   296  vl53l0x_api_calibration.o(.text)
    VL53L0X_perform_offset_calibration       0x08019f69   Thumb Code   228  vl53l0x_api_calibration.o(.text)
    VL53L0X_set_offset_calibration_data_micro_meter 0x0801a04d   Thumb Code    74  vl53l0x_api_calibration.o(.text)
    VL53L0X_get_offset_calibration_data_micro_meter 0x0801a097   Thumb Code    86  vl53l0x_api_calibration.o(.text)
    VL53L0X_apply_offset_adjustment          0x0801a0ed   Thumb Code    58  vl53l0x_api_calibration.o(.text)
    get_next_good_spad                       0x0801a127   Thumb Code   104  vl53l0x_api_calibration.o(.text)
    is_aperture                              0x0801a18f   Thumb Code    18  vl53l0x_api_calibration.o(.text)
    enable_spad_bit                          0x0801a1a1   Thumb Code    50  vl53l0x_api_calibration.o(.text)
    count_enabled_spads                      0x0801a1d3   Thumb Code   180  vl53l0x_api_calibration.o(.text)
    set_ref_spad_map                         0x0801a287   Thumb Code    24  vl53l0x_api_calibration.o(.text)
    get_ref_spad_map                         0x0801a29f   Thumb Code    24  vl53l0x_api_calibration.o(.text)
    enable_ref_spads                         0x0801a2b7   Thumb Code   172  vl53l0x_api_calibration.o(.text)
    perform_ref_signal_measurement           0x0801a363   Thumb Code   110  vl53l0x_api_calibration.o(.text)
    VL53L0X_ref_calibration_io               0x0801a3d1   Thumb Code   190  vl53l0x_api_calibration.o(.text)
    VL53L0X_perform_single_ref_calibration   0x0801a48f   Thumb Code    64  vl53l0x_api_calibration.o(.text)
    VL53L0X_perform_phase_calibration        0x0801a4cf   Thumb Code   124  vl53l0x_api_calibration.o(.text)
    VL53L0X_perform_vhv_calibration          0x0801a54b   Thumb Code   126  vl53l0x_api_calibration.o(.text)
    VL53L0X_perform_ref_calibration          0x0801a5c9   Thumb Code    76  vl53l0x_api_calibration.o(.text)
    VL53L0X_perform_ref_spad_management      0x0801a615   Thumb Code   658  vl53l0x_api_calibration.o(.text)
    VL53L0X_set_reference_spads              0x0801a8a7   Thumb Code   194  vl53l0x_api_calibration.o(.text)
    VL53L0X_get_reference_spads              0x0801a969   Thumb Code   120  vl53l0x_api_calibration.o(.text)
    VL53L0X_set_ref_calibration              0x0801a9e1   Thumb Code    46  vl53l0x_api_calibration.o(.text)
    VL53L0X_get_ref_calibration              0x0801aa0f   Thumb Code    48  vl53l0x_api_calibration.o(.text)
    VL53L0X_reverse_bytes                    0x0801aa41   Thumb Code    34  vl53l0x_api_core.o(.text)
    VL53L0X_measurement_poll_for_completion  0x0801aa63   Thumb Code    58  vl53l0x_api_core.o(.text)
    VL53L0X_decode_vcsel_period              0x0801aa9d   Thumb Code    12  vl53l0x_api_core.o(.text)
    VL53L0X_encode_vcsel_period              0x0801aaa9   Thumb Code    14  vl53l0x_api_core.o(.text)
    VL53L0X_isqrt                            0x0801aab7   Thumb Code    44  vl53l0x_api_core.o(.text)
    VL53L0X_quadrature_sum                   0x0801aae3   Thumb Code    44  vl53l0x_api_core.o(.text)
    VL53L0X_device_read_strobe               0x0801ab0f   Thumb Code    78  vl53l0x_api_core.o(.text)
    VL53L0X_get_info_from_device             0x0801ab5d   Thumb Code  1346  vl53l0x_api_core.o(.text)
    VL53L0X_calc_macro_period_ps             0x0801b09f   Thumb Code    22  vl53l0x_api_core.o(.text)
    VL53L0X_encode_timeout                   0x0801b0b5   Thumb Code    40  vl53l0x_api_core.o(.text)
    VL53L0X_decode_timeout                   0x0801b0dd   Thumb Code    14  vl53l0x_api_core.o(.text)
    VL53L0X_calc_timeout_mclks               0x0801b0eb   Thumb Code    52  vl53l0x_api_core.o(.text)
    VL53L0X_calc_timeout_us                  0x0801b11f   Thumb Code    54  vl53l0x_api_core.o(.text)
    get_sequence_step_timeout                0x0801b155   Thumb Code   290  vl53l0x_api_core.o(.text)
    set_sequence_step_timeout                0x0801b277   Thumb Code   314  vl53l0x_api_core.o(.text)
    VL53L0X_set_vcsel_pulse_period           0x0801b3b1   Thumb Code   766  vl53l0x_api_core.o(.text)
    VL53L0X_get_vcsel_pulse_period           0x0801b6af   Thumb Code    70  vl53l0x_api_core.o(.text)
    VL53L0X_set_measurement_timing_budget_micro_seconds 0x0801b6f5   Thumb Code   296  vl53l0x_api_core.o(.text)
    VL53L0X_get_measurement_timing_budget_micro_seconds 0x0801b81d   Thumb Code   238  vl53l0x_api_core.o(.text)
    VL53L0X_load_tuning_settings             0x0801b90b   Thumb Code   234  vl53l0x_api_core.o(.text)
    VL53L0X_get_total_xtalk_rate             0x0801b9f5   Thumb Code    58  vl53l0x_api_core.o(.text)
    VL53L0X_get_total_signal_rate            0x0801ba2f   Thumb Code    40  vl53l0x_api_core.o(.text)
    VL53L0X_calc_dmax                        0x0801ba57   Thumb Code   392  vl53l0x_api_core.o(.text)
    VL53L0X_calc_sigma_estimate              0x0801bbdf   Thumb Code   674  vl53l0x_api_core.o(.text)
    VL53L0X_get_pal_range_status             0x0801be81   Thumb Code   580  vl53l0x_api_core.o(.text)
    VL53L0X_check_part_used                  0x0801c0c5   Thumb Code    74  vl53l0x_api_strings.o(.text)
    VL53L0X_get_device_info                  0x0801c10f   Thumb Code   152  vl53l0x_api_strings.o(.text)
    VL53L0X_get_device_error_string          0x0801c1a7   Thumb Code   198  vl53l0x_api_strings.o(.text)
    VL53L0X_get_range_status_string          0x0801c26d   Thumb Code    98  vl53l0x_api_strings.o(.text)
    VL53L0X_get_pal_error_string             0x0801c2cf   Thumb Code   298  vl53l0x_api_strings.o(.text)
    VL53L0X_get_pal_state_string             0x0801c3f9   Thumb Code  1060  vl53l0x_api_strings.o(.text)
    VL53L0X_get_sequence_steps_info          0x0801c81d   Thumb Code    84  vl53l0x_api_strings.o(.text)
    VL53L0X_get_limit_check_info             0x0801c871   Thumb Code   106  vl53l0x_api_strings.o(.text)
    VL53L0X_write_multi                      0x0801c9e9   Thumb Code    42  vl53l0x_i2c.o(.text)
    VL53L0X_read_multi                       0x0801ca13   Thumb Code    42  vl53l0x_i2c.o(.text)
    VL53L0X_write_byte                       0x0801ca3d   Thumb Code    28  vl53l0x_i2c.o(.text)
    VL53L0X_write_word                       0x0801ca59   Thumb Code    90  vl53l0x_i2c.o(.text)
    VL53L0X_write_dword                      0x0801cab3   Thumb Code    52  vl53l0x_i2c.o(.text)
    VL53L0X_read_byte                        0x0801cae7   Thumb Code    36  vl53l0x_i2c.o(.text)
    VL53L0X_read_word                        0x0801cb0b   Thumb Code    42  vl53l0x_i2c.o(.text)
    VL53L0X_read_dword                       0x0801cb35   Thumb Code    58  vl53l0x_i2c.o(.text)
    VL53L0X_LockSequenceAccess               0x0801cb71   Thumb Code     6  vl53l0x_platform.o(.text)
    VL53L0X_UnlockSequenceAccess             0x0801cb77   Thumb Code     6  vl53l0x_platform.o(.text)
    VL53L0X_WriteMulti                       0x0801cb7d   Thumb Code    60  vl53l0x_platform.o(.text)
    VL53L0X_ReadMulti                        0x0801cbb9   Thumb Code    54  vl53l0x_platform.o(.text)
    VL53L0X_WrByte                           0x0801cbef   Thumb Code    44  vl53l0x_platform.o(.text)
    VL53L0X_WrWord                           0x0801cc1b   Thumb Code    44  vl53l0x_platform.o(.text)
    VL53L0X_WrDWord                          0x0801cc47   Thumb Code    44  vl53l0x_platform.o(.text)
    VL53L0X_UpdateByte                       0x0801cc73   Thumb Code    82  vl53l0x_platform.o(.text)
    VL53L0X_RdByte                           0x0801ccc5   Thumb Code    44  vl53l0x_platform.o(.text)
    VL53L0X_RdWord                           0x0801ccf1   Thumb Code    44  vl53l0x_platform.o(.text)
    VL53L0X_RdDWord                          0x0801cd1d   Thumb Code    44  vl53l0x_platform.o(.text)
    VL53L0X_PollingDelay                     0x0801cd49   Thumb Code    26  vl53l0x_platform.o(.text)
    vl53l0x_measure_init                     0x0801cd63   Thumb Code   188  vl53l0x_platform.o(.text)
    VL53L0X_Init                             0x0801ce1f   Thumb Code   106  vl53l0x_platform.o(.text)
    VL53L0X_IfDataReady                      0x0801ce89   Thumb Code    24  vl53l0x_platform.o(.text)
    VL53L0X_FastRead                         0x0801cea1   Thumb Code    42  vl53l0x_platform.o(.text)
    __aeabi_memcpy                           0x0801ced9   Thumb Code    36  memcpya.o(.text)
    __aeabi_memcpy4                          0x0801ced9   Thumb Code     0  memcpya.o(.text)
    __aeabi_memcpy8                          0x0801ced9   Thumb Code     0  memcpya.o(.text)
    __aeabi_memset                           0x0801cefd   Thumb Code    14  memseta.o(.text)
    __aeabi_memset4                          0x0801cefd   Thumb Code     0  memseta.o(.text)
    __aeabi_memset8                          0x0801cefd   Thumb Code     0  memseta.o(.text)
    __aeabi_memclr                           0x0801cf0b   Thumb Code     4  memseta.o(.text)
    __aeabi_memclr4                          0x0801cf0b   Thumb Code     0  memseta.o(.text)
    __aeabi_memclr8                          0x0801cf0b   Thumb Code     0  memseta.o(.text)
    _memset$wrapper                          0x0801cf0f   Thumb Code    18  memseta.o(.text)
    strcpy                                   0x0801cf21   Thumb Code    18  strcpy.o(.text)
    __aeabi_dadd                             0x0801cf33   Thumb Code   322  dadd.o(.text)
    __aeabi_dsub                             0x0801d075   Thumb Code     6  dadd.o(.text)
    __aeabi_drsub                            0x0801d07b   Thumb Code     6  dadd.o(.text)
    __aeabi_dmul                             0x0801d081   Thumb Code   228  dmul.o(.text)
    __aeabi_i2d                              0x0801d165   Thumb Code    34  dflti.o(.text)
    __aeabi_d2iz                             0x0801d187   Thumb Code    62  dfixi.o(.text)
    __aeabi_f2d                              0x0801d1c5   Thumb Code    38  f2d.o(.text)
    __aeabi_cdcmpeq                          0x0801d1ed   Thumb Code     0  cdcmple.o(.text)
    __aeabi_cdcmple                          0x0801d1ed   Thumb Code    48  cdcmple.o(.text)
    __aeabi_cdrcmple                         0x0801d21d   Thumb Code    48  cdrcmple.o(.text)
    __aeabi_d2f                              0x0801d24d   Thumb Code    56  d2f.o(.text)
    __aeabi_llsl                             0x0801d285   Thumb Code    30  llshl.o(.text)
    _ll_shift_l                              0x0801d285   Thumb Code     0  llshl.o(.text)
    __aeabi_llsr                             0x0801d2a3   Thumb Code    32  llushr.o(.text)
    _ll_ushift_r                             0x0801d2a3   Thumb Code     0  llushr.o(.text)
    __aeabi_lasr                             0x0801d2c3   Thumb Code    36  llsshr.o(.text)
    _ll_sshift_r                             0x0801d2c3   Thumb Code     0  llsshr.o(.text)
    __I$use$fp                               0x0801d2e7   Thumb Code     0  iusefp.o(.text)
    _float_round                             0x0801d2e7   Thumb Code    18  fepilogue.o(.text)
    _float_epilogue                          0x0801d2f9   Thumb Code    92  fepilogue.o(.text)
    _double_round                            0x0801d355   Thumb Code    30  depilogue.o(.text)
    _double_epilogue                         0x0801d373   Thumb Code   156  depilogue.o(.text)
    __scatterload                            0x0801d411   Thumb Code    28  init.o(.text)
    __scatterload_rt2                        0x0801d411   Thumb Code     0  init.o(.text)
    __decompress                             0x0801d435   Thumb Code     0  __dczerorl2.o(.text)
    __decompress1                            0x0801d435   Thumb Code    86  __dczerorl2.o(.text)
    __scatterload_copy                       0x0801d48b   Thumb Code    14  handlers.o(i.__scatterload_copy)
    __scatterload_null                       0x0801d499   Thumb Code     2  handlers.o(i.__scatterload_null)
    __scatterload_zeroinit                   0x0801d49b   Thumb Code    14  handlers.o(i.__scatterload_zeroinit)
    usbd_power                               0x0801d4a8   Data           1  usb_config.o(.constdata)
    usbd_hs_enable                           0x0801d4a9   Data           1  usb_config.o(.constdata)
    usbd_if_num                              0x0801d4aa   Data           2  usb_config.o(.constdata)
    usbd_ep_num                              0x0801d4ac   Data           1  usb_config.o(.constdata)
    usbd_max_packet0                         0x0801d4ad   Data           1  usb_config.o(.constdata)
    usbd_hid_if_num                          0x0801d4ae   Data           1  usb_config.o(.constdata)
    usbd_hid_ep_intin                        0x0801d4af   Data           1  usb_config.o(.constdata)
    usbd_hid_ep_intout                       0x0801d4b0   Data           1  usb_config.o(.constdata)
    usbd_hid_interval                        0x0801d4b2   Data           4  usb_config.o(.constdata)
    usbd_hid_maxpacketsize                   0x0801d4b6   Data           4  usb_config.o(.constdata)
    usbd_hid_inreport_num                    0x0801d4ba   Data           1  usb_config.o(.constdata)
    usbd_hid_outreport_num                   0x0801d4bb   Data           1  usb_config.o(.constdata)
    usbd_hid_inreport_max_sz                 0x0801d4bc   Data           2  usb_config.o(.constdata)
    usbd_hid_outreport_max_sz                0x0801d4be   Data           2  usb_config.o(.constdata)
    usbd_hid_featreport_max_sz               0x0801d4c0   Data           2  usb_config.o(.constdata)
    USBD_P_Power_Event                       0x0801d4c4   Data           4  usb_config.o(.constdata)
    USBD_P_Reset_Event                       0x0801d4c8   Data           4  usb_config.o(.constdata)
    USBD_P_Suspend_Event                     0x0801d4cc   Data           4  usb_config.o(.constdata)
    USBD_P_Resume_Event                      0x0801d4d0   Data           4  usb_config.o(.constdata)
    USBD_P_WakeUp_Event                      0x0801d4d4   Data           4  usb_config.o(.constdata)
    USBD_P_SOF_Event                         0x0801d4d8   Data           4  usb_config.o(.constdata)
    USBD_P_Error_Event                       0x0801d4dc   Data           4  usb_config.o(.constdata)
    USBD_P_EP                                0x0801d4e0   Data          64  usb_config.o(.constdata)
    USBD_P_Configure_Event                   0x0801d520   Data           4  usb_config.o(.constdata)
    USBD_P_Interface_Event                   0x0801d524   Data           4  usb_config.o(.constdata)
    USBD_P_Feature_Event                     0x0801d528   Data           4  usb_config.o(.constdata)
    __rtx                                    0x0801d52c   Data           4  usb_config.o(.constdata)
    USBD_HID_ReportDescriptor                0x0801d530   Data          33  usb_config.o(.constdata)
    USBD_HID_ReportDescriptorSize            0x0801d552   Data           2  usb_config.o(.constdata)
    USBD_HID_DescriptorOffset                0x0801d554   Data           2  usb_config.o(.constdata)
    USBD_DeviceDescriptor                    0x0801d556   Data          18  usb_config.o(.constdata)
    USBD_DeviceQualifier                     0x0801d568   Data           1  usb_config.o(.constdata)
    USBD_DeviceQualifier_HS                  0x0801d569   Data           1  usb_config.o(.constdata)
    USBD_ConfigDescriptor                    0x0801d56a   Data          42  usb_config.o(.constdata)
    USBD_ConfigDescriptor_HS                 0x0801d594   Data           1  usb_config.o(.constdata)
    USBD_OtherSpeedConfigDescriptor          0x0801d595   Data           1  usb_config.o(.constdata)
    USBD_OtherSpeedConfigDescriptor_HS       0x0801d596   Data           1  usb_config.o(.constdata)
    USBD_StringDescriptor                    0x0801d598   Data         132  usb_config.o(.constdata)
    fast_atan_table                          0x0801d61c   Data        1028  ano_math.o(.constdata)
    gps_petrol_out_config                    0x0801da20   Data          28  drv_gps.o(.constdata)
    gps_pvt_out_config                       0x0801da3c   Data          90  drv_gps.o(.constdata)
    gps_rate_out_config                      0x0801da96   Data          16  drv_gps.o(.constdata)
    Enter_Send                               0x0801daa6   Data           9  drv_gps.o(.constdata)
    Region$$Table$$Base                      0x0801dab0   Number         0  anon$$obj.o(Region$$Table)
    Region$$Table$$Limit                     0x0801dad0   Number         0  anon$$obj.o(Region$$Table)
    checkdata_to_send                        0x20000054   Data           1  ano_dt.o(.data)
    checksum_to_send                         0x20000055   Data           1  ano_dt.o(.data)
    flash_save_en_cnt                        0x20000058   Data           2  ano_dt.o(.data)
    chn_en_bit                               0x20000071   Data           1  ano_rc.o(.data)
    signal_intensity                         0x20000072   Data           2  ano_rc.o(.data)
    unlock_f                                 0x20000074   Data           2  ano_rc.o(.data)
    stick_fun_0                              0x20000076   Data           1  ano_rc.o(.data)
    unlock_time                              0x20000078   Data           2  ano_rc.o(.data)
    test_si_cnt                              0x2000007a   Data           2  ano_rc.o(.data)
    cali_gyro                                0x2000007c   Data           2  ano_rc.o(.data)
    cali_acc                                 0x2000007e   Data           2  ano_rc.o(.data)
    cali_surface                             0x20000080   Data           2  ano_rc.o(.data)
    cali_mag                                 0x20000082   Data           4  ano_rc.o(.data)
    stick_fun_1                              0x20000086   Data           1  ano_rc.o(.data)
    stick_fun_2                              0x20000087   Data           1  ano_rc.o(.data)
    stick_fun_3                              0x20000088   Data           1  ano_rc.o(.data)
    stick_fun_4                              0x20000089   Data           1  ano_rc.o(.data)
    stick_fun_5_magcali                      0x2000008a   Data           1  ano_rc.o(.data)
    OF_STATE                                 0x20000090   Data           1  ano_of.o(.data)
    OF_QUALITY                               0x20000091   Data           1  ano_of.o(.data)
    OF_DX                                    0x20000092   Data           1  ano_of.o(.data)
    OF_DY                                    0x20000093   Data           1  ano_of.o(.data)
    OF_DX2                                   0x20000094   Data           2  ano_of.o(.data)
    OF_DY2                                   0x20000096   Data           2  ano_of.o(.data)
    OF_DX2FIX                                0x20000098   Data           2  ano_of.o(.data)
    OF_DY2FIX                                0x2000009a   Data           2  ano_of.o(.data)
    OF_ALT                                   0x2000009c   Data           2  ano_of.o(.data)
    OF_ALT2                                  0x2000009e   Data           2  ano_of.o(.data)
    OF_GYR_X                                 0x200000a0   Data           2  ano_of.o(.data)
    OF_GYR_Y                                 0x200000a2   Data           2  ano_of.o(.data)
    OF_GYR_Z                                 0x200000a4   Data           2  ano_of.o(.data)
    OF_GYR_X2                                0x200000a6   Data           2  ano_of.o(.data)
    OF_GYR_Y2                                0x200000a8   Data           2  ano_of.o(.data)
    OF_GYR_Z2                                0x200000aa   Data           2  ano_of.o(.data)
    OF_ACC_X                                 0x200000ac   Data           2  ano_of.o(.data)
    OF_ACC_Y                                 0x200000ae   Data           2  ano_of.o(.data)
    OF_ACC_Z                                 0x200000b0   Data           2  ano_of.o(.data)
    OF_ACC_X2                                0x200000b2   Data           2  ano_of.o(.data)
    OF_ACC_Y2                                0x200000b4   Data           2  ano_of.o(.data)
    OF_ACC_Z2                                0x200000b6   Data           2  ano_of.o(.data)
    OF_ATT_ROL                               0x200000b8   Data           4  ano_of.o(.data)
    OF_ATT_PIT                               0x200000bc   Data           4  ano_of.o(.data)
    OF_ATT_YAW                               0x200000c0   Data           4  ano_of.o(.data)
    OF_ATT_S1                                0x200000c4   Data           4  ano_of.o(.data)
    OF_ATT_S2                                0x200000c8   Data           4  ano_of.o(.data)
    OF_ATT_S3                                0x200000cc   Data           4  ano_of.o(.data)
    OF_ATT_S4                                0x200000d0   Data           4  ano_of.o(.data)
    HID_SEND_TIMEOUT                         0x200000de   Data           1  ano_usb.o(.data)
    hid_datatemp_begin                       0x200000df   Data           1  ano_usb.o(.data)
    hid_datatemp_end                         0x200000e0   Data           1  ano_usb.o(.data)
    USBD_AltSetting                          0x200000e2   Data           1  usb_config.o(.data)
    USBD_HID_PollingCnt                      0x200000e4   Data           2  usb_config.o(.data)
    USBD_HID_IdleCnt                         0x200000e6   Data           1  usb_config.o(.data)
    USBD_HID_IdleReload                      0x200000e7   Data           1  usb_config.o(.data)
    USBD_HID_IdleSet                         0x200000e8   Data           1  usb_config.o(.data)
    USBD_HID_FeatReport                      0x200000e9   Data           2  usb_config.o(.data)
    switchs                                  0x200000f1   Data           6  ano_fcdata.o(.data)
    sens_hd_check                            0x200000f7   Data           8  ano_fcdata.o(.data)
    imu_data                                 0x2000010c   Data         232  ano_imu.o(.data)
    imu_state                                0x20000228   Data          24  ano_imu.o(.data)
    ref_height_old                           0x20000260   Data           4  ano_motioncal.o(.data)
    ref_speed_old                            0x20000264   Data           4  ano_motioncal.o(.data)
    wcz_ref_height                           0x20000268   Data           4  ano_motioncal.o(.data)
    wcz_ref_speed                            0x2000026c   Data           4  ano_motioncal.o(.data)
    wcz_ref_acc                              0x20000270   Data           4  ano_motioncal.o(.data)
    flying_cnt                               0x200002a2   Data           2  ano_flightctrl.o(.data)
    landing_cnt                              0x200002a4   Data           2  ano_flightctrl.o(.data)
    stop_baro_hpf                            0x200002a8   Data           4  ano_flightctrl.o(.data)
    speed_mode_old                           0x200002b2   Data           1  ano_flightctrl.o(.data)
    flight_mode_old                          0x200002b3   Data           1  ano_flightctrl.o(.data)
    vel_fb_d_lpf                             0x200002cc   Data           8  ano_locctrl.o(.data)
    mag                                      0x200002ec   Data           8  ano_magprocess.o(.data)
    motor                                    0x20000300   Data           8  ano_motorctrl.o(.data)
    motor_step                               0x20000308   Data           8  ano_motorctrl.o(.data)
    IDLING                                   0x20000312   Data           2  ano_motorctrl.o(.data)
    Plane_Votage                             0x20000314   Data           4  ano_power.o(.data)
    test_time_cnt                            0x20000320   Data           2  ano_flightdatacal.o(.data)
    baro_height                              0x2000032c   Data           4  ano_flightdatacal.o(.data)
    baro_h_offset                            0x20000330   Data           4  ano_flightdatacal.o(.data)
    ref_height_get_1                         0x20000334   Data           4  ano_flightdatacal.o(.data)
    ref_height_get_2                         0x20000338   Data           4  ano_flightdatacal.o(.data)
    ref_height_used                          0x2000033c   Data           4  ano_flightdatacal.o(.data)
    baro2tof_offset                          0x20000340   Data           4  ano_flightdatacal.o(.data)
    tof2baro_offset                          0x20000344   Data           4  ano_flightdatacal.o(.data)
    baro_fix1                                0x20000348   Data           4  ano_flightdatacal.o(.data)
    baro_fix2                                0x2000034c   Data           4  ano_flightdatacal.o(.data)
    baro_fix                                 0x20000350   Data           4  ano_flightdatacal.o(.data)
    wcz_acc_use                              0x20000358   Data           4  ano_flightdatacal.o(.data)
    ref_tof_height                           0x2000035c   Data           2  ano_flightdatacal.o(.data)
    led_accuracy                             0x20000364   Data           2  drv_led.o(.data)
    LED_Brightness                           0x20000368   Data          16  drv_led.o(.data)
    AdcValue                                 0x2000038c   Data           2  drv_adc.o(.data)
    para_sta                                 0x2000038e   Data           4  ano_parameter.o(.data)
    sysTickUptime                            0x200003b8   Data           4  drv_time.o(.data)
    systime_ms                               0x200003bc   Data           4  drv_time.o(.data)
    TxCounter                                0x200003c0   Data           1  drv_usart.o(.data)
    count                                    0x200003c1   Data           1  drv_usart.o(.data)
    Tx5Counter                               0x200003c2   Data           1  drv_usart.o(.data)
    count5                                   0x200003c3   Data           1  drv_usart.o(.data)
    Tx4Counter                               0x200003c4   Data           1  drv_usart.o(.data)
    count4                                   0x200003c5   Data           1  drv_usart.o(.data)
    acc_z_auto                               0x200003cc   Data           8  drv_icm20602.o(.data)
    acc_sum_cnt                              0x200003d4   Data           2  drv_icm20602.o(.data)
    gyro_sum_cnt                             0x200003d6   Data           2  drv_icm20602.o(.data)
    acc_z_auto_cnt                           0x200003d8   Data           2  drv_icm20602.o(.data)
    g_old                                    0x200003da   Data           6  drv_icm20602.o(.data)
    g_d_sum                                  0x200003e0   Data          12  drv_icm20602.o(.data)
    roll_gz_comp                             0x200003ec   Data           2  drv_icm20602.o(.data)
    wh_matrix                                0x200003f0   Data          36  drv_icm20602.o(.data)
    baro_Offset                              0x2000041c   Data           4  drv_spl06.o(.data)
    alt_3                                    0x20000420   Data           4  drv_spl06.o(.data)
    height                                   0x20000424   Data           4  drv_spl06.o(.data)
    baro_start                               0x20000428   Data           1  drv_spl06.o(.data)
    temperature                              0x2000042c   Data           4  drv_spl06.o(.data)
    alt_high                                 0x20000430   Data           4  drv_spl06.o(.data)
    baro_pressure                            0x20000434   Data           4  drv_spl06.o(.data)
    VL53L0X_LINKOK                           0x20000438   Data           1  drv_vl53l0x.o(.data)
    tof_height_mm                            0x2000043a   Data           2  drv_vl53l0x.o(.data)
    I2C_FastMode                             0x2000043e   Data           1  drv_i2c_soft.o(.data)
    OutMaxPacketSize                         0x20000440   Data          16  usbd_stm32f4xx_fs.o(.data)
    InPacketDataPtr                          0x20000450   Data          16  usbd_stm32f4xx_fs.o(.data)
    InPacketDataReady                        0x20000460   Data           4  usbd_stm32f4xx_fs.o(.data)
    SyncWriteEP                              0x20000464   Data           4  usbd_stm32f4xx_fs.o(.data)
    IsoOutTokenRead                          0x20000468   Data           4  usbd_stm32f4xx_fs.o(.data)
    len                                      0x20000470   Data           2  drv_gps.o(.data)
    wcx_acc_use                              0x20000474   Data           4  drv_gps.o(.data)
    wcy_acc_use                              0x20000478   Data           4  drv_gps.o(.data)
    GPS_get_cnt                              0x2000047c   Data           1  drv_gps.o(.data)
    temperature_err                          0x2000048c   Data           4  drv_heating.o(.data)
    temperature_err_i                        0x20000490   Data           4  drv_heating.o(.data)
    temperature_diff                         0x20000494   Data           4  drv_heating.o(.data)
    temperature_ctrl_val                     0x20000498   Data           4  drv_heating.o(.data)
    sbus_flag                                0x2000049f   Data           1  drv_sbus.o(.data)
    SystemCoreClock                          0x200004b4   Data           4  system_stm32f4xx.o(.data)
    AHBPrescTable                            0x200004b8   Data          16  system_stm32f4xx.o(.data)
    USBD_DeviceStatus                        0x200004c8   Data           2  usbd_core.o(.data)
    USBD_DeviceAddress                       0x200004ca   Data           1  usbd_core.o(.data)
    USBD_Configuration                       0x200004cb   Data           1  usbd_core.o(.data)
    USBD_EndPointMask                        0x200004cc   Data           4  usbd_core.o(.data)
    USBD_EndPointHalt                        0x200004d0   Data           4  usbd_core.o(.data)
    USBD_EndPointStall                       0x200004d4   Data           4  usbd_core.o(.data)
    USBD_NumInterfaces                       0x200004d8   Data           1  usbd_core.o(.data)
    USBD_HighSpeed                           0x200004d9   Data           1  usbd_core.o(.data)
    USBD_ZLP                                 0x200004da   Data           1  usbd_core.o(.data)
    USBD_EP0Data                             0x200004dc   Data           8  usbd_core.o(.data)
    USBD_SetupPacket                         0x200004e4   Data           8  usbd_core.o(.data)
    USBD_HID_Protocol                        0x200004ec   Data           1  usbd_hid.o(.data)
    DataOutAsyncReq                          0x200004f0   Data           4  usbd_hid.o(.data)
    DataOutUpdateReqMask                     0x200004f4   Data           4  usbd_hid.o(.data)
    ptrDataOut                               0x200004f8   Data           4  usbd_hid.o(.data)
    DataOutToSendLen                         0x200004fc   Data           2  usbd_hid.o(.data)
    DataOutSentLen                           0x200004fe   Data           2  usbd_hid.o(.data)
    DataOutEndWithShortPacket                0x20000500   Data           4  usbd_hid.o(.data)
    ptrDataIn                                0x20000504   Data           4  usbd_hid.o(.data)
    DataInReceLen                            0x20000508   Data           2  usbd_hid.o(.data)
    ptrDataFeat                              0x2000050c   Data           4  usbd_hid.o(.data)
    DataFeatReceLen                          0x20000510   Data           2  usbd_hid.o(.data)
    DefaultTuningSettings                    0x20000513   Data         243  vl53l0x_api.o(.data)
    InterruptThresholdSettings               0x20000606   Data         438  vl53l0x_api.o(.data)
    refArrayQuadrants                        0x200007bc   Data          16  vl53l0x_api_calibration.o(.data)
    vl53l0x_status                           0x200007cc   Data           1  vl53l0x_platform.o(.data)
    test_dT_1000hz                           0x200007d0   Data          12  ano_scheduler.o(.bss)
    test_rT                                  0x200007dc   Data          24  ano_scheduler.o(.bss)
    ParValList                               0x200007f4   Data         400  ano_dt.o(.bss)
    f                                        0x20000984   Data          20  ano_dt.o(.bss)
    data_to_send                             0x20000998   Data          50  ano_dt.o(.bss)
    CH_N                                     0x20000ade   Data          16  ano_rc.o(.bss)
    hid_datatemp                             0x20000b20   Data         256  ano_usb.o(.bss)
    hid_data2send                            0x20000c20   Data          64  ano_usb.o(.bss)
    USBD_EP0Buf                              0x20000c60   Data          64  usb_config.o(.bss)
    USBD_HID_InReport                        0x20000ca0   Data          65  usb_config.o(.bss)
    USBD_HID_OutReport                       0x20000ce1   Data          65  usb_config.o(.bss)
    stk_usb_msc_task                         0x20000d28   Data         600  usb_config.o(.bss)
    program_ctrl                             0x20000f80   Data          84  ano_flyctrl.o(.bss)
    save                                     0x20000fd4   Data          64  ano_fcdata.o(.bss)
    flag                                     0x20001014   Data          29  ano_fcdata.o(.bss)
    fc_stv                                   0x20001034   Data          16  ano_fcdata.o(.bss)
    att_matrix                               0x20001044   Data          36  ano_imu.o(.bss)
    imu_test                                 0x2000108c   Data          12  ano_imu.o(.bss)
    wcz_acc_fus                              0x20001098   Data          28  ano_motioncal.o(.bss)
    wcz_spe_fus                              0x200010b4   Data          24  ano_motioncal.o(.bss)
    wcz_hei_fus                              0x200010cc   Data          24  ano_motioncal.o(.bss)
    alt_arg_2                                0x200010e4   Data          24  ano_altctrl.o(.bss)
    alt_val_2                                0x200010fc   Data          40  ano_altctrl.o(.bss)
    alt_arg_1                                0x20001124   Data          24  ano_altctrl.o(.bss)
    alt_val_1                                0x2000113c   Data          40  ano_altctrl.o(.bss)
    arg_2                                    0x20001164   Data          72  ano_attctrl.o(.bss)
    arg_1                                    0x200011ac   Data          72  ano_attctrl.o(.bss)
    val_2                                    0x200011f4   Data         120  ano_attctrl.o(.bss)
    val_1                                    0x2000126c   Data         120  ano_attctrl.o(.bss)
    att_2l_ct                                0x200012e4   Data          36  ano_attctrl.o(.bss)
    att_1l_ct                                0x20001308   Data          28  ano_attctrl.o(.bss)
    rolling_flag                             0x20001334   Data          24  ano_attctrl.o(.bss)
    fs                                       0x2000134c   Data          52  ano_flightctrl.o(.bss)
    loc_arg_1                                0x20001380   Data          48  ano_locctrl.o(.bss)
    loc_val_1                                0x200013b0   Data          80  ano_locctrl.o(.bss)
    loc_arg_1_fix                            0x20001400   Data          48  ano_locctrl.o(.bss)
    loc_val_1_fix                            0x20001430   Data          80  ano_locctrl.o(.bss)
    loc_ctrl_1                               0x20001480   Data          36  ano_locctrl.o(.bss)
    loc_ctrl_2                               0x200014a4   Data          36  ano_locctrl.o(.bss)
    mc                                       0x200014c8   Data          16  ano_motorctrl.o(.bss)
    LED_STA                                  0x200014d8   Data          15  drv_led.o(.bss)
    Ano_Parame                               0x200014e7   Data        4096  ano_parameter.o(.bss)
    Rc_Pwm_In                                0x200024e8   Data          16  drv_pwm_in.o(.bss)
    Rc_Ppm_In                                0x200024f8   Data          16  drv_pwm_in.o(.bss)
    TxBuffer                                 0x20002508   Data         256  drv_usart.o(.bss)
    Rx_Buf                                   0x20002608   Data         256  drv_usart.o(.bss)
    Tx5Buffer                                0x20002708   Data         256  drv_usart.o(.bss)
    Tx4Buffer                                0x20002808   Data         256  drv_usart.o(.bss)
    mpu_buffer                               0x20002908   Data          14  drv_icm20602.o(.bss)
    center_pos                               0x20002918   Data          60  drv_icm20602.o(.bss)
    sensor                                   0x20002954   Data          92  drv_icm20602.o(.bss)
    sensor_val                               0x200029b0   Data          24  drv_icm20602.o(.bss)
    sensor_val_rot                           0x200029c8   Data          24  drv_icm20602.o(.bss)
    sensor_val_ref                           0x200029e0   Data          24  drv_icm20602.o(.bss)
    sum_temp                                 0x200029f8   Data          28  drv_icm20602.o(.bss)
    acc_auto_sum_temp                        0x20002a14   Data          12  drv_icm20602.o(.bss)
    HID_IntInPacketData                      0x20002a70   Data          64  usbd_stm32f4xx_fs.o(.bss)
    IsoOutPacketDataPtr                      0x20002ab0   Data          16  usbd_stm32f4xx_fs.o(.bss)
    InPacketDataCnt                          0x20002ac0   Data          16  usbd_stm32f4xx_fs.o(.bss)
    IsoOutPacketDataCnt                      0x20002ad0   Data          16  usbd_stm32f4xx_fs.o(.bss)
    Gps_information                          0x20002ae0   Data         112  drv_gps.o(.bss)
    Gps_send_Temp                            0x20002b50   Data          20  drv_gps.o(.bss)
    GPS_data_buff                            0x20002b64   Data         100  drv_gps.o(.bss)
    temperature_fb                           0x20002bc8   Data          12  drv_heating.o(.bss)
    Rc_Sbus_In                               0x20002bd4   Data          32  drv_sbus.o(.bss)
    vl53l0x_dev                              0x20002c10   Data         352  vl53l0x_platform.o(.bss)
    vl53l0x_dev_info                         0x20002d70   Data          99  vl53l0x_platform.o(.bss)
    vl53l0x_data                             0x20002dd4   Data          28  vl53l0x_platform.o(.bss)
    __initial_sp                             0x200035f0   Data           0  startup_stm32f4xx.o(STACK)



==============================================================================

Memory Map of the image

  Image Entry point : 0x08000189

  Load Region LR_IROM1 (Base: 0x08000000, Size: 0x0001e2a0, Max: 0x00100000, ABSOLUTE, COMPRESSED[0x0001ddf0])

    Execution Region ER_IROM1 (Exec base: 0x08000000, Load base: 0x08000000, Size: 0x0001dad0, Max: 0x00100000, ABSOLUTE)

    Exec Addr    Load Addr    Size         Type   Attr      Idx    E Section Name        Object

    0x08000000   0x08000000   0x00000188   Data   RO         1623    RESET               startup_stm32f4xx.o
    0x08000188   0x08000188   0x00000000   Code   RO         1840  * .ARM.Collect$$$$00000000  mc_w.l(entry.o)
    0x08000188   0x08000188   0x00000004   Code   RO         1867    .ARM.Collect$$$$00000001  mc_w.l(entry2.o)
    0x0800018c   0x0800018c   0x00000004   Code   RO         1870    .ARM.Collect$$$$00000004  mc_w.l(entry5.o)
    0x08000190   0x08000190   0x00000000   Code   RO         1872    .ARM.Collect$$$$00000008  mc_w.l(entry7b.o)
    0x08000190   0x08000190   0x00000000   Code   RO         1874    .ARM.Collect$$$$0000000A  mc_w.l(entry8b.o)
    0x08000190   0x08000190   0x00000008   Code   RO         1875    .ARM.Collect$$$$0000000B  mc_w.l(entry9a.o)
    0x08000198   0x08000198   0x00000004   Code   RO         1882    .ARM.Collect$$$$0000000E  mc_w.l(entry12b.o)
    0x0800019c   0x0800019c   0x00000000   Code   RO         1877    .ARM.Collect$$$$0000000F  mc_w.l(entry10a.o)
    0x0800019c   0x0800019c   0x00000000   Code   RO         1879    .ARM.Collect$$$$00000011  mc_w.l(entry11a.o)
    0x0800019c   0x0800019c   0x00000004   Code   RO         1868    .ARM.Collect$$$$00002712  mc_w.l(entry2.o)
    0x080001a0   0x080001a0   0x0000001c   Code   RO            2    .text               main.o
    0x080001bc   0x080001bc   0x000001c8   Code   RO          136    .text               ano_scheduler.o
    0x08000384   0x08000384   0x000000bc   Code   RO          237    .text               bsp_init.o
    0x08000440   0x08000440   0x00001fd4   Code   RO          279    .text               ano_dt.o
    0x08002414   0x08002414   0x000007d0   Code   RO          325    .text               ano_rc.o
    0x08002be4   0x08002be4   0x00000268   Code   RO          353    .text               ano_of.o
    0x08002e4c   0x08002e4c   0x0000005c   Code   RO          376    .text               stm32f4xx_it.o
    0x08002ea8   0x08002ea8   0x0000024c   Code   RO          392    .text               ano_usb.o
    0x080030f4   0x080030f4   0x00000052   Code   RO          469    .text               usb_config.o
    0x08003146   0x08003146   0x00000002   PAD
    0x08003148   0x08003148   0x000008f0   Code   RO          493    .text               ano_flyctrl.o
    0x08003a38   0x08003a38   0x00000028   Code   RO          516    .text               ano_fcdata.o
    0x08003a60   0x08003a60   0x00000844   Code   RO          539    .text               ano_filter.o
    0x080042a4   0x080042a4   0x00000bbc   Code   RO          566    .text               ano_imu.o
    0x08004e60   0x08004e60   0x0000087c   Code   RO          593    .text               ano_math.o
    0x080056dc   0x080056dc   0x00000298   Code   RO          612    .text               ano_motioncal.o
    0x08005974   0x08005974   0x00000120   Code   RO          662    .text               ano_pid.o
    0x08005a94   0x08005a94   0x0000060c   Code   RO          681    .text               ano_altctrl.o
    0x080060a0   0x080060a0   0x000009b8   Code   RO          724    .text               ano_attctrl.o
    0x08006a58   0x08006a58   0x00000778   Code   RO          751    .text               ano_flightctrl.o
    0x080071d0   0x080071d0   0x000009b0   Code   RO          784    .text               ano_locctrl.o
    0x08007b80   0x08007b80   0x000004d4   Code   RO          807    .text               ano_magprocess.o
    0x08008054   0x08008054   0x0000021c   Code   RO          833    .text               ano_motorctrl.o
    0x08008270   0x08008270   0x000001d4   Code   RO          864    .text               ano_power.o
    0x08008444   0x08008444   0x00000364   Code   RO          886    .text               ano_flightdatacal.o
    0x080087a8   0x080087a8   0x00000640   Code   RO          910    .text               drv_led.o
    0x08008de8   0x08008de8   0x00000124   Code   RO          937    .text               drv_adc.o
    0x08008f0c   0x08008f0c   0x0000044c   Code   RO          959    .text               ano_parameter.o
    0x08009358   0x08009358   0x0000012c   Code   RO          982    .text               drv_spi.o
    0x08009484   0x08009484   0x00000890   Code   RO         1001    .text               drv_pwm_in.o
    0x08009d14   0x08009d14   0x0000031c   Code   RO         1028    .text               drv_pwm_out.o
    0x0800a030   0x0800a030   0x000001b8   Code   RO         1047    .text               drv_time.o
    0x0800a1e8   0x0800a1e8   0x00000464   Code   RO         1077    .text               drv_usart.o
    0x0800a64c   0x0800a64c   0x00000104   Code   RO         1100    .text               drv_ak8975.o
    0x0800a750   0x0800a750   0x00000b34   Code   RO         1121    .text               drv_icm20602.o
    0x0800b284   0x0800b284   0x000006f8   Code   RO         1148    .text               drv_spl06.o
    0x0800b97c   0x0800b97c   0x00000078   Code   RO         1171    .text               drv_vl53l0x.o
    0x0800b9f4   0x0800b9f4   0x000003c8   Code   RO         1225    .text               drv_w25qxx.o
    0x0800bdbc   0x0800bdbc   0x00000448   Code   RO         1250    .text               drv_i2c_soft.o
    0x0800c204   0x0800c204   0x000012b8   Code   RO         1272    .text               usbd_stm32f4xx_fs.o
    0x0800d4bc   0x0800d4bc   0x0000072c   Code   RO         1299    .text               drv_gps.o
    0x0800dbe8   0x0800dbe8   0x00000384   Code   RO         1324    .text               drv_heating.o
    0x0800df6c   0x0800df6c   0x000002c0   Code   RO         1351    .text               drv_sbus.o
    0x0800e22c   0x0800e22c   0x000001ec   Code   RO         1374    .text               misc.o
    0x0800e418   0x0800e418   0x0000107c   Code   RO         1390    .text               stm32f4xx_adc.o
    0x0800f494   0x0800f494   0x000013cc   Code   RO         1422    .text               stm32f4xx_dma.o
    0x08010860   0x08010860   0x0000030c   Code   RO         1438    .text               stm32f4xx_exti.o
    0x08010b6c   0x08010b6c   0x00000916   Code   RO         1470    .text               stm32f4xx_gpio.o
    0x08011482   0x08011482   0x00000002   PAD
    0x08011484   0x08011484   0x00000d7c   Code   RO         1518    .text               stm32f4xx_rcc.o
    0x08012200   0x08012200   0x00000bc8   Code   RO         1536    .text               stm32f4xx_spi.o
    0x08012dc8   0x08012dc8   0x00000184   Code   RO         1552    .text               stm32f4xx_syscfg.o
    0x08012f4c   0x08012f4c   0x00003294   Code   RO         1568    .text               stm32f4xx_tim.o
    0x080161e0   0x080161e0   0x00000eb4   Code   RO         1584    .text               stm32f4xx_usart.o
    0x08017094   0x08017094   0x00000210   Code   RO         1600    .text               system_stm32f4xx.o
    0x080172a4   0x080172a4   0x00000024   Code   RO         1624    .text               startup_stm32f4xx.o
    0x080172c8   0x080172c8   0x00000a30   Code   RO         1629    .text               usbd_core.o
    0x08017cf8   0x08017cf8   0x000001b0   Code   RO         1670    .text               usbd_core_hid.o
    0x08017ea8   0x08017ea8   0x00000604   Code   RO         1682    .text               usbd_hid.o
    0x080184ac   0x080184ac   0x00001994   Code   RO         1698    .text               vl53l0x_api.o
    0x08019e40   0x08019e40   0x00000bfe   Code   RO         1738    .text               vl53l0x_api_calibration.o
    0x0801aa3e   0x0801aa3e   0x00000002   PAD
    0x0801aa40   0x0801aa40   0x00001684   Code   RO         1757    .text               vl53l0x_api_core.o
    0x0801c0c4   0x0801c0c4   0x00000924   Code   RO         1783    .text               vl53l0x_api_strings.o
    0x0801c9e8   0x0801c9e8   0x00000186   Code   RO         1799    .text               vl53l0x_i2c.o
    0x0801cb6e   0x0801cb6e   0x00000002   PAD
    0x0801cb70   0x0801cb70   0x00000368   Code   RO         1815    .text               vl53l0x_platform.o
    0x0801ced8   0x0801ced8   0x00000024   Code   RO         1843    .text               mc_w.l(memcpya.o)
    0x0801cefc   0x0801cefc   0x00000024   Code   RO         1845    .text               mc_w.l(memseta.o)
    0x0801cf20   0x0801cf20   0x00000012   Code   RO         1847    .text               mc_w.l(strcpy.o)
    0x0801cf32   0x0801cf32   0x0000014e   Code   RO         1851    .text               mf_w.l(dadd.o)
    0x0801d080   0x0801d080   0x000000e4   Code   RO         1853    .text               mf_w.l(dmul.o)
    0x0801d164   0x0801d164   0x00000022   Code   RO         1855    .text               mf_w.l(dflti.o)
    0x0801d186   0x0801d186   0x0000003e   Code   RO         1857    .text               mf_w.l(dfixi.o)
    0x0801d1c4   0x0801d1c4   0x00000026   Code   RO         1859    .text               mf_w.l(f2d.o)
    0x0801d1ea   0x0801d1ea   0x00000002   PAD
    0x0801d1ec   0x0801d1ec   0x00000030   Code   RO         1861    .text               mf_w.l(cdcmple.o)
    0x0801d21c   0x0801d21c   0x00000030   Code   RO         1863    .text               mf_w.l(cdrcmple.o)
    0x0801d24c   0x0801d24c   0x00000038   Code   RO         1865    .text               mf_w.l(d2f.o)
    0x0801d284   0x0801d284   0x0000001e   Code   RO         1883    .text               mc_w.l(llshl.o)
    0x0801d2a2   0x0801d2a2   0x00000020   Code   RO         1885    .text               mc_w.l(llushr.o)
    0x0801d2c2   0x0801d2c2   0x00000024   Code   RO         1887    .text               mc_w.l(llsshr.o)
    0x0801d2e6   0x0801d2e6   0x00000000   Code   RO         1889    .text               mc_w.l(iusefp.o)
    0x0801d2e6   0x0801d2e6   0x0000006e   Code   RO         1890    .text               mf_w.l(fepilogue.o)
    0x0801d354   0x0801d354   0x000000ba   Code   RO         1892    .text               mf_w.l(depilogue.o)
    0x0801d40e   0x0801d40e   0x00000002   PAD
    0x0801d410   0x0801d410   0x00000024   Code   RO         1894    .text               mc_w.l(init.o)
    0x0801d434   0x0801d434   0x00000056   Code   RO         1904    .text               mc_w.l(__dczerorl2.o)
    0x0801d48a   0x0801d48a   0x0000000e   Code   RO         1898    i.__scatterload_copy  mc_w.l(handlers.o)
    0x0801d498   0x0801d498   0x00000002   Code   RO         1899    i.__scatterload_null  mc_w.l(handlers.o)
    0x0801d49a   0x0801d49a   0x0000000e   Code   RO         1900    i.__scatterload_zeroinit  mc_w.l(handlers.o)
    0x0801d4a8   0x0801d4a8   0x00000174   Data   RO          471    .constdata          usb_config.o
    0x0801d61c   0x0801d61c   0x00000404   Data   RO          594    .constdata          ano_math.o
    0x0801da20   0x0801da20   0x0000008f   Data   RO         1301    .constdata          drv_gps.o
    0x0801daaf   0x0801daaf   0x00000001   PAD
    0x0801dab0   0x0801dab0   0x00000020   Data   RO         1896    Region$$Table       anon$$obj.o


    Execution Region RW_IRAM1 (Exec base: 0x20000000, Load base: 0x0801dad0, Size: 0x000035f0, Max: 0x00020000, ABSOLUTE, COMPRESSED[0x00000320])

    Exec Addr    Load Addr    Size         Type   Attr      Idx    E Section Name        Object

    0x20000000   COMPRESSED   0x00000054   Data   RW          138    .data               ano_scheduler.o
    0x20000054   COMPRESSED   0x0000001c   Data   RW          281    .data               ano_dt.o
    0x20000070   COMPRESSED   0x0000001f   Data   RW          327    .data               ano_rc.o
    0x2000008f   COMPRESSED   0x00000001   PAD
    0x20000090   COMPRESSED   0x0000004e   Data   RW          355    .data               ano_of.o
    0x200000de   COMPRESSED   0x00000004   Data   RW          394    .data               ano_usb.o
    0x200000e2   COMPRESSED   0x00000009   Data   RW          472    .data               usb_config.o
    0x200000eb   COMPRESSED   0x00000001   PAD
    0x200000ec   COMPRESSED   0x00000005   Data   RW          495    .data               ano_flyctrl.o
    0x200000f1   COMPRESSED   0x0000000e   Data   RW          518    .data               ano_fcdata.o
    0x200000ff   COMPRESSED   0x00000001   PAD
    0x20000100   COMPRESSED   0x0000000c   Data   RW          540    .data               ano_filter.o
    0x2000010c   COMPRESSED   0x00000154   Data   RW          568    .data               ano_imu.o
    0x20000260   COMPRESSED   0x0000001d   Data   RW          614    .data               ano_motioncal.o
    0x2000027d   COMPRESSED   0x00000003   PAD
    0x20000280   COMPRESSED   0x0000000e   Data   RW          683    .data               ano_altctrl.o
    0x2000028e   COMPRESSED   0x00000002   PAD
    0x20000290   COMPRESSED   0x00000010   Data   RW          726    .data               ano_attctrl.o
    0x200002a0   COMPRESSED   0x00000020   Data   RW          753    .data               ano_flightctrl.o
    0x200002c0   COMPRESSED   0x0000001e   Data   RW          786    .data               ano_locctrl.o
    0x200002de   COMPRESSED   0x00000002   PAD
    0x200002e0   COMPRESSED   0x00000020   Data   RW          808    .data               ano_magprocess.o
    0x20000300   COMPRESSED   0x00000014   Data   RW          835    .data               ano_motorctrl.o
    0x20000314   COMPRESSED   0x0000000c   Data   RW          865    .data               ano_power.o
    0x20000320   COMPRESSED   0x00000041   Data   RW          887    .data               ano_flightdatacal.o
    0x20000361   COMPRESSED   0x00000003   PAD
    0x20000364   COMPRESSED   0x00000027   Data   RW          912    .data               drv_led.o
    0x2000038b   COMPRESSED   0x00000001   PAD
    0x2000038c   COMPRESSED   0x00000002   Data   RW          938    .data               drv_adc.o
    0x2000038e   COMPRESSED   0x00000004   Data   RW          961    .data               ano_parameter.o
    0x20000392   COMPRESSED   0x00000024   Data   RW         1003    .data               drv_pwm_in.o
    0x200003b6   COMPRESSED   0x00000002   PAD
    0x200003b8   COMPRESSED   0x00000008   Data   RW         1048    .data               drv_time.o
    0x200003c0   COMPRESSED   0x00000006   Data   RW         1079    .data               drv_usart.o
    0x200003c6   COMPRESSED   0x00000006   Data   RW         1101    .data               drv_ak8975.o
    0x200003cc   COMPRESSED   0x00000049   Data   RW         1123    .data               drv_icm20602.o
    0x20000415   COMPRESSED   0x00000003   PAD
    0x20000418   COMPRESSED   0x00000020   Data   RW         1150    .data               drv_spl06.o
    0x20000438   COMPRESSED   0x00000006   Data   RW         1172    .data               drv_vl53l0x.o
    0x2000043e   COMPRESSED   0x00000001   Data   RW         1251    .data               drv_i2c_soft.o
    0x2000043f   COMPRESSED   0x00000001   PAD
    0x20000440   COMPRESSED   0x00000030   Data   RW         1274    .data               usbd_stm32f4xx_fs.o
    0x20000470   COMPRESSED   0x00000019   Data   RW         1302    .data               drv_gps.o
    0x20000489   COMPRESSED   0x00000003   PAD
    0x2000048c   COMPRESSED   0x00000013   Data   RW         1326    .data               drv_heating.o
    0x2000049f   COMPRESSED   0x00000002   Data   RW         1353    .data               drv_sbus.o
    0x200004a1   COMPRESSED   0x00000010   Data   RW         1519    .data               stm32f4xx_rcc.o
    0x200004b1   COMPRESSED   0x00000003   PAD
    0x200004b4   COMPRESSED   0x00000014   Data   RW         1601    .data               system_stm32f4xx.o
    0x200004c8   COMPRESSED   0x00000024   Data   RW         1630    .data               usbd_core.o
    0x200004ec   COMPRESSED   0x00000027   Data   RW         1683    .data               usbd_hid.o
    0x20000513   COMPRESSED   0x000002a9   Data   RW         1699    .data               vl53l0x_api.o
    0x200007bc   COMPRESSED   0x00000010   Data   RW         1739    .data               vl53l0x_api_calibration.o
    0x200007cc   COMPRESSED   0x00000001   Data   RW         1817    .data               vl53l0x_platform.o
    0x200007cd   COMPRESSED   0x00000003   PAD
    0x200007d0        -       0x00000024   Zero   RW          137    .bss                ano_scheduler.o
    0x200007f4        -       0x000002d6   Zero   RW          280    .bss                ano_dt.o
    0x20000aca        -       0x00000024   Zero   RW          326    .bss                ano_rc.o
    0x20000aee        -       0x00000032   Zero   RW          354    .bss                ano_of.o
    0x20000b20        -       0x00000140   Zero   RW          393    .bss                ano_usb.o
    0x20000c60        -       0x00000320   Zero   RW          470    .bss                usb_config.o
    0x20000f80        -       0x00000054   Zero   RW          494    .bss                ano_flyctrl.o
    0x20000fd4        -       0x00000070   Zero   RW          517    .bss                ano_fcdata.o
    0x20001044        -       0x00000054   Zero   RW          567    .bss                ano_imu.o
    0x20001098        -       0x0000004c   Zero   RW          613    .bss                ano_motioncal.o
    0x200010e4        -       0x00000080   Zero   RW          682    .bss                ano_altctrl.o
    0x20001164        -       0x000001e8   Zero   RW          725    .bss                ano_attctrl.o
    0x2000134c        -       0x00000034   Zero   RW          752    .bss                ano_flightctrl.o
    0x20001380        -       0x00000148   Zero   RW          785    .bss                ano_locctrl.o
    0x200014c8        -       0x00000010   Zero   RW          834    .bss                ano_motorctrl.o
    0x200014d8        -       0x0000000f   Zero   RW          911    .bss                drv_led.o
    0x200014e7        -       0x00001000   Zero   RW          960    .bss                ano_parameter.o
    0x200024e7   COMPRESSED   0x00000001   PAD
    0x200024e8        -       0x00000020   Zero   RW         1002    .bss                drv_pwm_in.o
    0x20002508        -       0x00000400   Zero   RW         1078    .bss                drv_usart.o
    0x20002908        -       0x00000130   Zero   RW         1122    .bss                drv_icm20602.o
    0x20002a38        -       0x0000002c   Zero   RW         1149    .bss                drv_spl06.o
    0x20002a64        -       0x0000000c   Zero   RW         1226    .bss                drv_w25qxx.o
    0x20002a70        -       0x00000070   Zero   RW         1273    .bss                usbd_stm32f4xx_fs.o
    0x20002ae0        -       0x000000e8   Zero   RW         1300    .bss                drv_gps.o
    0x20002bc8        -       0x0000000c   Zero   RW         1325    .bss                drv_heating.o
    0x20002bd4        -       0x00000039   Zero   RW         1352    .bss                drv_sbus.o
    0x20002c0d   COMPRESSED   0x00000003   PAD
    0x20002c10        -       0x000001e0   Zero   RW         1816    .bss                vl53l0x_platform.o
    0x20002df0        -       0x00000800   Zero   RW         1621    STACK               startup_stm32f4xx.o


==============================================================================

Image component sizes


      Code (inc. data)   RO Data    RW Data    ZI Data      Debug   Object Name

      1548        142          0         14        128       2244   ano_altctrl.o
      2488        170          0         16        488       4477   ano_attctrl.o
      8148        266          0         28        726      14576   ano_dt.o
        40         10          0         14        112       3124   ano_fcdata.o
      2116         26          0         12          0       7547   ano_filter.o
      1912        204          0         32         52       5190   ano_flightctrl.o
       868        134          0         65          0       2995   ano_flightdatacal.o
      2288        368          0          5         84       3158   ano_flyctrl.o
      3004        180          0        340         84       5655   ano_imu.o
      2480        220          0         30        328       3167   ano_locctrl.o
      1236         92          0         32          0       3019   ano_magprocess.o
      2172        142       1028          0          0       7646   ano_math.o
       664         74          0         29         76       1719   ano_motioncal.o
       540         32          0         20         16       2035   ano_motorctrl.o
       616         68          0         78         50       3198   ano_of.o
      1100        106          0          4       4096       3172   ano_parameter.o
       288          4          0          0          0       1788   ano_pid.o
       468         62          0         12          0        898   ano_power.o
      2000        218          0         31         36       5711   ano_rc.o
       456         28          0         84         36       3289   ano_scheduler.o
       588         24          0          4        320      15182   ano_usb.o
       188         24          0          0          0        607   bsp_init.o
       292         18          0          2          0       1333   drv_adc.o
       260         10          0          6          0       1775   drv_ak8975.o
      1836        106        143         25        232       5592   drv_gps.o
       900        172          0         19         12       2221   drv_heating.o
      1096         10          0          1          0       4822   drv_i2c_soft.o
      2868        210          0         73        304      14964   drv_icm20602.o
      1600         64          0         39         15       4551   drv_led.o
      2192        142          0         36         32       3006   drv_pwm_in.o
       796         38          0          0          0       1782   drv_pwm_out.o
       704         30          0          2         57       1836   drv_sbus.o
       300          8          0          0          0       1675   drv_spi.o
      1784         74          0         32         44       5490   drv_spl06.o
       440         18          0          8          0      21762   drv_time.o
      1124         60          0          6       1024       3648   drv_usart.o
       120         20          0          6          0      16371   drv_vl53l0x.o
       968         14          0          0         12       5181   drv_w25qxx.o
        28          4          0          0          0     305157   main.o
       492         74          0          0          0       2117   misc.o
        36          8        392          0       2048        884   startup_stm32f4xx.o
      4220        148          0          0          0      13426   stm32f4xx_adc.o
      5068        352          0          0          0       9037   stm32f4xx_dma.o
       780         70          0          0          0       2795   stm32f4xx_exti.o
      2326        132          0          0          0       5493   stm32f4xx_gpio.o
        92          0          0          0          0       2044   stm32f4xx_it.o
      3452        262          0         16          0      13583   stm32f4xx_rcc.o
      3016        118          0          0          0       8621   stm32f4xx_spi.o
       388         72          0          0          0       1875   stm32f4xx_syscfg.o
     12948        670          0          0          0      31284   stm32f4xx_tim.o
      3764        164          0          0          0      10172   stm32f4xx_usart.o
       528         46          0         20          0       1979   system_stm32f4xx.o
        82          0        372          9        800      15610   usb_config.o
      2608        202          0         36          0       7840   usbd_core.o
       432         68          0          0          0       1704   usbd_core_hid.o
      1540        184          0         39          0       5959   usbd_hid.o
      4792        220          0         48        112      27277   usbd_stm32f4xx_fs.o
      6548         70          0        681          0      39381   vl53l0x_api.o
      3070         12          0         16          0      14872   vl53l0x_api_calibration.o
      5764         16          0          0          0      20640   vl53l0x_api_core.o
      2340       1236          0          0          0       4533   vl53l0x_api_strings.o
       390          0          0          0          0       3546   vl53l0x_i2c.o
       872         14          0          1        480      16453   vl53l0x_platform.o

    ----------------------------------------------------------------------
    118072       7730       1968       2000      11808     762688   Object Totals
         0          0         32          0          0          0   (incl. Generated)
         8          0          1         29          4          0   (incl. Padding)

    ----------------------------------------------------------------------

      Code (inc. data)   RO Data    RW Data    ZI Data      Debug   Library Member Name

        86          0          0          0          0          0   __dczerorl2.o
         0          0          0          0          0          0   entry.o
         0          0          0          0          0          0   entry10a.o
         0          0          0          0          0          0   entry11a.o
         4          0          0          0          0          0   entry12b.o
         8          4          0          0          0          0   entry2.o
         4          0          0          0          0          0   entry5.o
         0          0          0          0          0          0   entry7b.o
         0          0          0          0          0          0   entry8b.o
         8          4          0          0          0          0   entry9a.o
        30          0          0          0          0          0   handlers.o
        36          8          0          0          0         68   init.o
         0          0          0          0          0          0   iusefp.o
        30          0          0          0          0         68   llshl.o
        36          0          0          0          0         68   llsshr.o
        32          0          0          0          0         68   llushr.o
        36          0          0          0          0         68   memcpya.o
        36          0          0          0          0        108   memseta.o
        18          0          0          0          0         68   strcpy.o
        48          0          0          0          0         68   cdcmple.o
        48          0          0          0          0         68   cdrcmple.o
        56          0          0          0          0         88   d2f.o
       334          0          0          0          0        148   dadd.o
       186          0          0          0          0        176   depilogue.o
        62          0          0          0          0         80   dfixi.o
        34          0          0          0          0         76   dflti.o
       228          0          0          0          0         96   dmul.o
        38          0          0          0          0         68   f2d.o
       110          0          0          0          0        168   fepilogue.o

    ----------------------------------------------------------------------
      1512         16          0          0          0       1552   Library Totals
         4          0          0          0          0          0   (incl. Padding)

    ----------------------------------------------------------------------

      Code (inc. data)   RO Data    RW Data    ZI Data      Debug   Library Name

       364         16          0          0          0        516   mc_w.l
      1144          0          0          0          0       1036   mf_w.l

    ----------------------------------------------------------------------
      1512         16          0          0          0       1552   Library Totals

    ----------------------------------------------------------------------

==============================================================================


      Code (inc. data)   RO Data    RW Data    ZI Data      Debug   

    119584       7746       1968       2000      11808     751596   Grand Totals
    119584       7746       1968        800      11808     751596   ELF Image Totals (compressed)
    119584       7746       1968        800          0          0   ROM Totals

==============================================================================

    Total RO  Size (Code + RO Data)               121552 ( 118.70kB)
    Total RW  Size (RW Data + ZI Data)             13808 (  13.48kB)
    Total ROM Size (Code + RO Data + RW Data)     122352 ( 119.48kB)

==============================================================================

